
*** Running vivado
    with args -log kria_bd_proc_sys_reset_0_0.vds -m64 -product Vivado -mode batch -messageDb vivado.pb -notrace -source kria_bd_proc_sys_reset_0_0.tcl

INFO: [Common 17-3922] A valid Vivado Design Suite BASIC license has been detected. Your current license is active and will expire on 04-sep-2027.
#-----------------------------------------------------------
# Vivado v2026.1 (64-bit)
# SW Build 6511674 on Tue Jun 16 11:01:26 MDT 2026
# IP Build 6504888 on Tue Jun 09 09:05:25 MDT 2026
# SharedData Build 6501428 on Mon Jun 08 17:34:18 MDT 2026
# Start of session at: Fri Sep 11 23:54:19 2026
# Process ID         : 26566
# Current directory  : /home/wiktork/Code/atmos_ws/vivado/kr260/kr260.runs/kria_bd_proc_sys_reset_0_0_synth_1
# Command line       : vivado -log kria_bd_proc_sys_reset_0_0.vds -product Vivado -mode batch -messageDb vivado.pb -notrace -source kria_bd_proc_sys_reset_0_0.tcl
# Log file           : /home/wiktork/Code/atmos_ws/vivado/kr260/kr260.runs/kria_bd_proc_sys_reset_0_0_synth_1/kria_bd_proc_sys_reset_0_0.vds
# Journal file       : /home/wiktork/Code/atmos_ws/vivado/kr260/kr260.runs/kria_bd_proc_sys_reset_0_0_synth_1/vivado.jou
# Running On         : cachyos-x8664
# Platform           : cachyos
# Operating System   : CachyOS
# Processor Detail   : AMD Ryzen 7 3700X 8-Core Processor
# CPU Frequency      : 4183.937 MHz
# CPU Physical cores : 8
# CPU Logical cores  : 16
# Host memory        : 16703 MB
# Swap memory        : 16702 MB
# Total Virtual      : 33406 MB
# Available Virtual  : 26601 MB
#-----------------------------------------------------------

****** Vivado v2026.1 (64-bit)
  **** SW Build 6511674 on Tue Jun 16 11:01:26 MDT 2026
  **** IP Build 6504888 on Tue Jun 09 09:05:25 MDT 2026
  **** SharedData Build 6501428 on Mon Jun 08 17:34:18 MDT 2026
  **** Start of session at: Fri Sep 11 23:54:19 2026
    ** Copyright 1986-2022 Xilinx, Inc. All Rights Reserved.
    ** Copyright 2022-2026 Advanced Micro Devices, Inc. All Rights Reserved.

source kria_bd_proc_sys_reset_0_0.tcl -notrace
create_project: Time (s): cpu = 00:00:16 ; elapsed = 00:00:10 . Memory (MB): peak = 1738.684 ; gain = 270.059 ; free physical = 1411 ; free virtual = 21330
Command: synth_design -top kria_bd_proc_sys_reset_0_0 -part xck26-sfvc784-2LV-c -incremental_mode off -mode out_of_context
Starting synth_design
Attempting to get a license for feature 'Vivado_Synthesis' and/or device 'xck26'
INFO: [Common 17-349] Got license for feature 'Vivado_Synthesis' and/or device 'xck26'
INFO: [Device 21-403] Loading part xck26-sfvc784-2LV-c
INFO: [Designutils 20-5008] Incremental synthesis strategy off
INFO: [Synth 8-7079] Multithreading enabled for synth_design using a maximum of 7 processes.
INFO: [Synth 8-7078] Launching helper process for spawning children vivado processes
INFO: [Synth 8-7075] Helper process launched with PID 27135
---------------------------------------------------------------------------------
Starting RTL Elaboration : Time (s): cpu = 00:00:06 ; elapsed = 00:00:11 . Memory (MB): peak = 2952.902 ; gain = 169.766 ; free physical = 139 ; free virtual = 9346
---------------------------------------------------------------------------------
INFO: [Synth 8-638] synthesizing module 'kria_bd_proc_sys_reset_0_0' [/home/wiktork/Code/atmos_ws/vivado/kr260/kr260.gen/sources_1/bd/kria_bd/ip/kria_bd_proc_sys_reset_0_0/synth/kria_bd_proc_sys_reset_0_0.vhd:74]
	Parameter C_FAMILY bound to: zynquplus - type: string 
	Parameter C_EXT_RST_WIDTH bound to: 4 - type: integer 
	Parameter C_AUX_RST_WIDTH bound to: 4 - type: integer 
	Parameter C_EXT_RESET_HIGH bound to: 1'b0 
	Parameter C_AUX_RESET_HIGH bound to: 1'b0 
	Parameter C_NUM_BUS_RST bound to: 1 - type: integer 
	Parameter C_NUM_PERP_RST bound to: 1 - type: integer 
	Parameter C_NUM_INTERCONNECT_ARESETN bound to: 1 - type: integer 
	Parameter C_NUM_PERP_ARESETN bound to: 1 - type: integer 
INFO: [Synth 8-3491] module 'proc_sys_reset' declared at '/home/wiktork/Code/atmos_ws/vivado/kr260/kr260.gen/sources_1/bd/kria_bd/ipshared/9438/hdl/proc_sys_reset_v5_0_rfs.vhd:1243' bound to instance 'U0' of component 'proc_sys_reset' [/home/wiktork/Code/atmos_ws/vivado/kr260/kr260.gen/sources_1/bd/kria_bd/ip/kria_bd_proc_sys_reset_0_0/synth/kria_bd_proc_sys_reset_0_0.vhd:139]
INFO: [Synth 8-638] synthesizing module 'proc_sys_reset' [/home/wiktork/Code/atmos_ws/vivado/kr260/kr260.gen/sources_1/bd/kria_bd/ipshared/9438/hdl/proc_sys_reset_v5_0_rfs.vhd:1302]
	Parameter INIT bound to: 1'b1 
INFO: [Synth 8-113] binding component instance 'FDRE_inst' to cell 'FDRE' [/home/wiktork/Code/atmos_ws/vivado/kr260/kr260.gen/sources_1/bd/kria_bd/ipshared/9438/hdl/proc_sys_reset_v5_0_rfs.vhd:1371]
	Parameter INIT bound to: 1'b1 
INFO: [Synth 8-113] binding component instance 'FDRE_BSR' to cell 'FDRE' [/home/wiktork/Code/atmos_ws/vivado/kr260/kr260.gen/sources_1/bd/kria_bd/ipshared/9438/hdl/proc_sys_reset_v5_0_rfs.vhd:1387]
	Parameter INIT bound to: 1'b0 
INFO: [Synth 8-113] binding component instance 'FDRE_BSR_N' to cell 'FDRE' [/home/wiktork/Code/atmos_ws/vivado/kr260/kr260.gen/sources_1/bd/kria_bd/ipshared/9438/hdl/proc_sys_reset_v5_0_rfs.vhd:1413]
	Parameter INIT bound to: 1'b1 
INFO: [Synth 8-113] binding component instance 'FDRE_PER' to cell 'FDRE' [/home/wiktork/Code/atmos_ws/vivado/kr260/kr260.gen/sources_1/bd/kria_bd/ipshared/9438/hdl/proc_sys_reset_v5_0_rfs.vhd:1436]
	Parameter INIT bound to: 1'b0 
INFO: [Synth 8-113] binding component instance 'FDRE_PER_N' to cell 'FDRE' [/home/wiktork/Code/atmos_ws/vivado/kr260/kr260.gen/sources_1/bd/kria_bd/ipshared/9438/hdl/proc_sys_reset_v5_0_rfs.vhd:1460]
INFO: [Synth 8-638] synthesizing module 'lpf' [/home/wiktork/Code/atmos_ws/vivado/kr260/kr260.gen/sources_1/bd/kria_bd/ipshared/9438/hdl/proc_sys_reset_v5_0_rfs.vhd:821]
INFO: [Synth 8-3491] module 'SRL16' declared at '/run/media/wiktork/Data/Vitis/2026.1/Vivado/scripts/rt/data/unisim_comp.v:170733' bound to instance 'POR_SRL_I' of component 'SRL16' [/home/wiktork/Code/atmos_ws/vivado/kr260/kr260.gen/sources_1/bd/kria_bd/ipshared/9438/hdl/proc_sys_reset_v5_0_rfs.vhd:873]
INFO: [Synth 8-6157] synthesizing module 'SRL16' [/run/media/wiktork/Data/Vitis/2026.1/Vivado/scripts/rt/data/unisim_comp.v:170733]
INFO: [Synth 8-6155] done synthesizing module 'SRL16' (0#1) [/run/media/wiktork/Data/Vitis/2026.1/Vivado/scripts/rt/data/unisim_comp.v:170733]
	Parameter DEST_SYNC_FF bound to: 4 - type: integer 
	Parameter INIT_SYNC_FF bound to: 0 - type: integer 
	Parameter SIM_ASSERT_CHK bound to: 0 - type: integer 
	Parameter SRC_INPUT_REG bound to: 0 - type: integer 
INFO: [Synth 8-3491] module 'xpm_cdc_single' declared at '/run/media/wiktork/Data/Vitis/2026.1/data/ip/xpm/xpm_cdc/hdl/xpm_cdc.sv:152' bound to instance 'ACT_LO_EXT' of component 'xpm_cdc_single' [/home/wiktork/Code/atmos_ws/vivado/kr260/kr260.gen/sources_1/bd/kria_bd/ipshared/9438/hdl/proc_sys_reset_v5_0_rfs.vhd:968]
INFO: [Synth 8-6157] synthesizing module 'xpm_cdc_single' [/run/media/wiktork/Data/Vitis/2026.1/data/ip/xpm/xpm_cdc/hdl/xpm_cdc.sv:152]
INFO: [Synth 8-6155] done synthesizing module 'xpm_cdc_single' (0#1) [/run/media/wiktork/Data/Vitis/2026.1/data/ip/xpm/xpm_cdc/hdl/xpm_cdc.sv:152]
	Parameter DEST_SYNC_FF bound to: 4 - type: integer 
	Parameter INIT_SYNC_FF bound to: 0 - type: integer 
	Parameter SIM_ASSERT_CHK bound to: 0 - type: integer 
	Parameter SRC_INPUT_REG bound to: 0 - type: integer 
INFO: [Synth 8-3491] module 'xpm_cdc_single' declared at '/run/media/wiktork/Data/Vitis/2026.1/data/ip/xpm/xpm_cdc/hdl/xpm_cdc.sv:152' bound to instance 'ACT_LO_AUX' of component 'xpm_cdc_single' [/home/wiktork/Code/atmos_ws/vivado/kr260/kr260.gen/sources_1/bd/kria_bd/ipshared/9438/hdl/proc_sys_reset_v5_0_rfs.vhd:1015]
INFO: [Synth 8-256] done synthesizing module 'lpf' (0#1) [/home/wiktork/Code/atmos_ws/vivado/kr260/kr260.gen/sources_1/bd/kria_bd/ipshared/9438/hdl/proc_sys_reset_v5_0_rfs.vhd:821]
INFO: [Synth 8-638] synthesizing module 'sequence_psr' [/home/wiktork/Code/atmos_ws/vivado/kr260/kr260.gen/sources_1/bd/kria_bd/ipshared/9438/hdl/proc_sys_reset_v5_0_rfs.vhd:304]
INFO: [Synth 8-638] synthesizing module 'upcnt_n' [/home/wiktork/Code/atmos_ws/vivado/kr260/kr260.gen/sources_1/bd/kria_bd/ipshared/9438/hdl/proc_sys_reset_v5_0_rfs.vhd:126]
INFO: [Synth 8-256] done synthesizing module 'upcnt_n' (0#1) [/home/wiktork/Code/atmos_ws/vivado/kr260/kr260.gen/sources_1/bd/kria_bd/ipshared/9438/hdl/proc_sys_reset_v5_0_rfs.vhd:126]
INFO: [Synth 8-256] done synthesizing module 'sequence_psr' (0#1) [/home/wiktork/Code/atmos_ws/vivado/kr260/kr260.gen/sources_1/bd/kria_bd/ipshared/9438/hdl/proc_sys_reset_v5_0_rfs.vhd:304]
INFO: [Synth 8-256] done synthesizing module 'proc_sys_reset' (0#1) [/home/wiktork/Code/atmos_ws/vivado/kr260/kr260.gen/sources_1/bd/kria_bd/ipshared/9438/hdl/proc_sys_reset_v5_0_rfs.vhd:1302]
INFO: [Synth 8-256] done synthesizing module 'kria_bd_proc_sys_reset_0_0' (0#1) [/home/wiktork/Code/atmos_ws/vivado/kr260/kr260.gen/sources_1/bd/kria_bd/ip/kria_bd_proc_sys_reset_0_0/synth/kria_bd_proc_sys_reset_0_0.vhd:74]
INFO: [Synth 8-7129] Port src_clk in module xpm_cdc_single is either unconnected or has no load
---------------------------------------------------------------------------------
Finished RTL Elaboration : Time (s): cpu = 00:00:08 ; elapsed = 00:00:14 . Memory (MB): peak = 3044.840 ; gain = 261.703 ; free physical = 119 ; free virtual = 8145
---------------------------------------------------------------------------------
---------------------------------------------------------------------------------
Start Handling Custom Attributes
---------------------------------------------------------------------------------
---------------------------------------------------------------------------------
Finished Handling Custom Attributes : Time (s): cpu = 00:00:08 ; elapsed = 00:00:14 . Memory (MB): peak = 3044.840 ; gain = 261.703 ; free physical = 135 ; free virtual = 8130
---------------------------------------------------------------------------------
---------------------------------------------------------------------------------
Finished RTL Optimization Phase 1 : Time (s): cpu = 00:00:08 ; elapsed = 00:00:14 . Memory (MB): peak = 3044.840 ; gain = 261.703 ; free physical = 134 ; free virtual = 8129
---------------------------------------------------------------------------------
Netlist sorting complete. Time (s): cpu = 00:00:00 ; elapsed = 00:00:00 . Memory (MB): peak = 3052.840 ; gain = 0.000 ; free physical = 127 ; free virtual = 8059
INFO: [Netlist 29-17] Analyzing 1 Unisim elements for replacement
INFO: [Netlist 29-28] Unisim Transformation completed in 0 CPU seconds
INFO: [Project 1-570] Preparing netlist for logic optimization

Processing XDC Constraints
Initializing timing engine
Parsing XDC File [/home/wiktork/Code/atmos_ws/vivado/kr260/kr260.gen/sources_1/bd/kria_bd/ip/kria_bd_proc_sys_reset_0_0/kria_bd_proc_sys_reset_0_0_ooc.xdc] for cell 'U0'
create_clock: Time (s): cpu = 00:00:06 ; elapsed = 00:00:06 . Memory (MB): peak = 3153.945 ; gain = 25.086 ; free physical = 147 ; free virtual = 7537
Finished Parsing XDC File [/home/wiktork/Code/atmos_ws/vivado/kr260/kr260.gen/sources_1/bd/kria_bd/ip/kria_bd_proc_sys_reset_0_0/kria_bd_proc_sys_reset_0_0_ooc.xdc] for cell 'U0'
Parsing XDC File [/home/wiktork/Code/atmos_ws/vivado/kr260/kr260.gen/sources_1/bd/kria_bd/ip/kria_bd_proc_sys_reset_0_0/kria_bd_proc_sys_reset_0_0_board.xdc] for cell 'U0'
Finished Parsing XDC File [/home/wiktork/Code/atmos_ws/vivado/kr260/kr260.gen/sources_1/bd/kria_bd/ip/kria_bd_proc_sys_reset_0_0/kria_bd_proc_sys_reset_0_0_board.xdc] for cell 'U0'
Parsing XDC File [/home/wiktork/Code/atmos_ws/vivado/kr260/kr260.runs/kria_bd_proc_sys_reset_0_0_synth_1/dont_touch.xdc]
Finished Parsing XDC File [/home/wiktork/Code/atmos_ws/vivado/kr260/kr260.runs/kria_bd_proc_sys_reset_0_0_synth_1/dont_touch.xdc]
INFO: [Project 1-236] Implementation specific constraints were found while reading constraint file [/run/media/wiktork/Data/Vitis/2026.1/data/ip/xpm/xpm_cdc/tcl/xpm_cdc_single.tcl]. These constraints will be ignored for synthesis but will be used in implementation. Impacted constraints are listed in the file [.Xil/kria_bd_proc_sys_reset_0_0_propImpl.xdc].
Resolution: To avoid this warning, move constraints listed in [.Xil/kria_bd_proc_sys_reset_0_0_propImpl.xdc] to another XDC file and exclude this new file from synthesis with the used_in_synthesis property (File Properties dialog in GUI) and re-run elaboration/synthesis.
INFO: [Project 1-1714] 2 XPM XDC files have been applied to the design.
Completed Processing XDC Constraints

Netlist sorting complete. Time (s): cpu = 00:00:00 ; elapsed = 00:00:00 . Memory (MB): peak = 3153.945 ; gain = 0.000 ; free physical = 158 ; free virtual = 7538
INFO: [Project 1-111] Unisim Transformation Summary:
  A total of 1 instances were transformed.
  SRL16 => SRL16E: 1 instance 

Constraint Validation Runtime : Time (s): cpu = 00:00:00.01 ; elapsed = 00:00:00.24 . Memory (MB): peak = 3153.980 ; gain = 0.000 ; free physical = 157 ; free virtual = 7497
INFO: [Designutils 20-5008] Incremental synthesis strategy off
---------------------------------------------------------------------------------
Finished Constraint Validation : Time (s): cpu = 00:00:21 ; elapsed = 00:00:31 . Memory (MB): peak = 3153.980 ; gain = 370.844 ; free physical = 145 ; free virtual = 7237
---------------------------------------------------------------------------------
---------------------------------------------------------------------------------
Start Loading Part and Timing Information
---------------------------------------------------------------------------------
Loading part: xck26-sfvc784-2LV-c
INFO: [Synth 8-6742] Reading net delay rules and data
---------------------------------------------------------------------------------
Finished Loading Part and Timing Information : Time (s): cpu = 00:00:21 ; elapsed = 00:00:31 . Memory (MB): peak = 3161.949 ; gain = 378.812 ; free physical = 144 ; free virtual = 7238
---------------------------------------------------------------------------------
---------------------------------------------------------------------------------
Start Applying 'set_property' XDC Constraints
---------------------------------------------------------------------------------
---------------------------------------------------------------------------------
Finished applying 'set_property' XDC Constraints : Time (s): cpu = 00:00:21 ; elapsed = 00:00:31 . Memory (MB): peak = 3161.949 ; gain = 378.812 ; free physical = 141 ; free virtual = 7239
---------------------------------------------------------------------------------
---------------------------------------------------------------------------------
Finished RTL Optimization Phase 2 : Time (s): cpu = 00:00:21 ; elapsed = 00:00:32 . Memory (MB): peak = 3161.949 ; gain = 378.812 ; free physical = 186 ; free virtual = 7240
---------------------------------------------------------------------------------
---------------------------------------------------------------------------------
Start RTL Component Statistics 
---------------------------------------------------------------------------------
Detailed RTL Component Info : 
+---Adders : 
	   2 Input    6 Bit       Adders := 1     
+---Registers : 
	                6 Bit    Registers := 1     
	                4 Bit    Registers := 2     
	                3 Bit    Registers := 3     
	                1 Bit    Registers := 14    
+---Muxes : 
	   2 Input    6 Bit        Muxes := 1     
	   2 Input    1 Bit        Muxes := 1     
---------------------------------------------------------------------------------
Finished RTL Component Statistics 
---------------------------------------------------------------------------------
---------------------------------------------------------------------------------
Start Part Resource Summary
---------------------------------------------------------------------------------
Part Resources:
DSPs: 1248 (col length:96)
BRAMs: 288 (col length: RAMB18 96 RAMB36 48)
---------------------------------------------------------------------------------
Finished Part Resource Summary
---------------------------------------------------------------------------------
---------------------------------------------------------------------------------
Start Cross Boundary and Area Optimization
---------------------------------------------------------------------------------
INFO: [Synth 8-7129] Port src_clk in module xpm_cdc_single is either unconnected or has no load
---------------------------------------------------------------------------------
Finished Cross Boundary and Area Optimization : Time (s): cpu = 00:00:23 ; elapsed = 00:00:33 . Memory (MB): peak = 3161.949 ; gain = 378.812 ; free physical = 154 ; free virtual = 7072
---------------------------------------------------------------------------------
---------------------------------------------------------------------------------
Start Applying XDC Timing Constraints
---------------------------------------------------------------------------------
---------------------------------------------------------------------------------
Finished Applying XDC Timing Constraints : Time (s): cpu = 00:00:31 ; elapsed = 00:00:48 . Memory (MB): peak = 3785.109 ; gain = 1001.973 ; free physical = 161 ; free virtual = 3187
---------------------------------------------------------------------------------
---------------------------------------------------------------------------------
Start Timing Optimization
---------------------------------------------------------------------------------
---------------------------------------------------------------------------------
Finished Timing Optimization : Time (s): cpu = 00:00:31 ; elapsed = 00:00:48 . Memory (MB): peak = 3785.109 ; gain = 1001.973 ; free physical = 127 ; free virtual = 3071
---------------------------------------------------------------------------------
---------------------------------------------------------------------------------
Start Technology Mapping
---------------------------------------------------------------------------------
---------------------------------------------------------------------------------
Finished Technology Mapping : Time (s): cpu = 00:00:31 ; elapsed = 00:00:48 . Memory (MB): peak = 3814.156 ; gain = 1031.020 ; free physical = 128 ; free virtual = 2897
---------------------------------------------------------------------------------
---------------------------------------------------------------------------------
Start IO Insertion
---------------------------------------------------------------------------------
---------------------------------------------------------------------------------
Start Flattening Before IO Insertion
---------------------------------------------------------------------------------
---------------------------------------------------------------------------------
Finished Flattening Before IO Insertion
---------------------------------------------------------------------------------
---------------------------------------------------------------------------------
Start Final Netlist Cleanup
---------------------------------------------------------------------------------
---------------------------------------------------------------------------------
Finished Final Netlist Cleanup
---------------------------------------------------------------------------------

*** Running vivado
    with args -log kria_bd_proc_sys_reset_0_0.vds -m64 -product Vivado -mode batch -messageDb vivado.pb -notrace -source kria_bd_proc_sys_reset_0_0.tcl

INFO: [Common 17-3922] A valid Vivado Design Suite BASIC license has been detected. Your current license is active and will expire on 04-sep-2027.
#-----------------------------------------------------------
# Vivado v2026.1 (64-bit)
# SW Build 6511674 on Tue Jun 16 11:01:26 MDT 2026
# IP Build 6504888 on Tue Jun 09 09:05:25 MDT 2026
# SharedData Build 6501428 on Mon Jun 08 17:34:18 MDT 2026
# Start of session at: Fri Sep 11 23:59:01 2026
# Process ID         : 30961
# Current directory  : /home/wiktork/Code/atmos_ws/vivado/kr260/kr260.runs/kria_bd_proc_sys_reset_0_0_synth_1
# Command line       : vivado -log kria_bd_proc_sys_reset_0_0.vds -product Vivado -mode batch -messageDb vivado.pb -notrace -source kria_bd_proc_sys_reset_0_0.tcl
# Log file           : /home/wiktork/Code/atmos_ws/vivado/kr260/kr260.runs/kria_bd_proc_sys_reset_0_0_synth_1/kria_bd_proc_sys_reset_0_0.vds
# Journal file       : /home/wiktork/Code/atmos_ws/vivado/kr260/kr260.runs/kria_bd_proc_sys_reset_0_0_synth_1/vivado.jou
# Running On         : cachyos-x8664
# Platform           : cachyos
# Operating System   : CachyOS
# Processor Detail   : AMD Ryzen 7 3700X 8-Core Processor
# CPU Frequency      : 3288.171 MHz
# CPU Physical cores : 8
# CPU Logical cores  : 16
# Host memory        : 16703 MB
# Swap memory        : 16702 MB
# Total Virtual      : 33406 MB
# Available Virtual  : 23770 MB
#-----------------------------------------------------------

****** Vivado v2026.1 (64-bit)
  **** SW Build 6511674 on Tue Jun 16 11:01:26 MDT 2026
  **** IP Build 6504888 on Tue Jun 09 09:05:25 MDT 2026
  **** SharedData Build 6501428 on Mon Jun 08 17:34:18 MDT 2026
  **** Start of session at: Fri Sep 11 23:59:01 2026
    ** Copyright 1986-2022 Xilinx, Inc. All Rights Reserved.
    ** Copyright 2022-2026 Advanced Micro Devices, Inc. All Rights Reserved.

source kria_bd_proc_sys_reset_0_0.tcl -notrace
Command: synth_design -top kria_bd_proc_sys_reset_0_0 -part xck26-sfvc784-2LV-c -incremental_mode off -mode out_of_context
Starting synth_design
Attempting to get a license for feature 'Vivado_Synthesis' and/or device 'xck26'
INFO: [Common 17-349] Got license for feature 'Vivado_Synthesis' and/or device 'xck26'
INFO: [Device 21-403] Loading part xck26-sfvc784-2LV-c
INFO: [Designutils 20-5008] Incremental synthesis strategy off
INFO: [Synth 8-7079] Multithreading enabled for synth_design using a maximum of 7 processes.
INFO: [Synth 8-7078] Launching helper process for spawning children vivado processes
INFO: [Synth 8-7075] Helper process launched with PID 31219
---------------------------------------------------------------------------------
Starting RTL Elaboration : Time (s): cpu = 00:00:04 ; elapsed = 00:00:04 . Memory (MB): peak = 2952.605 ; gain = 169.852 ; free physical = 3816 ; free virtual = 20398
---------------------------------------------------------------------------------
INFO: [Synth 8-638] synthesizing module 'kria_bd_proc_sys_reset_0_0' [/home/wiktork/Code/atmos_ws/vivado/kr260/kr260.gen/sources_1/bd/kria_bd/ip/kria_bd_proc_sys_reset_0_0/synth/kria_bd_proc_sys_reset_0_0.vhd:74]
	Parameter C_FAMILY bound to: zynquplus - type: string 
	Parameter C_EXT_RST_WIDTH bound to: 4 - type: integer 
	Parameter C_AUX_RST_WIDTH bound to: 4 - type: integer 
	Parameter C_EXT_RESET_HIGH bound to: 1'b0 
	Parameter C_AUX_RESET_HIGH bound to: 1'b0 
	Parameter C_NUM_BUS_RST bound to: 1 - type: integer 
	Parameter C_NUM_PERP_RST bound to: 1 - type: integer 
	Parameter C_NUM_INTERCONNECT_ARESETN bound to: 1 - type: integer 
	Parameter C_NUM_PERP_ARESETN bound to: 1 - type: integer 
INFO: [Synth 8-3491] module 'proc_sys_reset' declared at '/home/wiktork/Code/atmos_ws/vivado/kr260/kr260.gen/sources_1/bd/kria_bd/ipshared/9438/hdl/proc_sys_reset_v5_0_rfs.vhd:1243' bound to instance 'U0' of component 'proc_sys_reset' [/home/wiktork/Code/atmos_ws/vivado/kr260/kr260.gen/sources_1/bd/kria_bd/ip/kria_bd_proc_sys_reset_0_0/synth/kria_bd_proc_sys_reset_0_0.vhd:139]
INFO: [Synth 8-638] synthesizing module 'proc_sys_reset' [/home/wiktork/Code/atmos_ws/vivado/kr260/kr260.gen/sources_1/bd/kria_bd/ipshared/9438/hdl/proc_sys_reset_v5_0_rfs.vhd:1302]
	Parameter INIT bound to: 1'b1 
INFO: [Synth 8-113] binding component instance 'FDRE_inst' to cell 'FDRE' [/home/wiktork/Code/atmos_ws/vivado/kr260/kr260.gen/sources_1/bd/kria_bd/ipshared/9438/hdl/proc_sys_reset_v5_0_rfs.vhd:1371]
	Parameter INIT bound to: 1'b1 
INFO: [Synth 8-113] binding component instance 'FDRE_BSR' to cell 'FDRE' [/home/wiktork/Code/atmos_ws/vivado/kr260/kr260.gen/sources_1/bd/kria_bd/ipshared/9438/hdl/proc_sys_reset_v5_0_rfs.vhd:1387]
	Parameter INIT bound to: 1'b0 
INFO: [Synth 8-113] binding component instance 'FDRE_BSR_N' to cell 'FDRE' [/home/wiktork/Code/atmos_ws/vivado/kr260/kr260.gen/sources_1/bd/kria_bd/ipshared/9438/hdl/proc_sys_reset_v5_0_rfs.vhd:1413]
	Parameter INIT bound to: 1'b1 
INFO: [Synth 8-113] binding component instance 'FDRE_PER' to cell 'FDRE' [/home/wiktork/Code/atmos_ws/vivado/kr260/kr260.gen/sources_1/bd/kria_bd/ipshared/9438/hdl/proc_sys_reset_v5_0_rfs.vhd:1436]
	Parameter INIT bound to: 1'b0 
INFO: [Synth 8-113] binding component instance 'FDRE_PER_N' to cell 'FDRE' [/home/wiktork/Code/atmos_ws/vivado/kr260/kr260.gen/sources_1/bd/kria_bd/ipshared/9438/hdl/proc_sys_reset_v5_0_rfs.vhd:1460]
INFO: [Synth 8-638] synthesizing module 'lpf' [/home/wiktork/Code/atmos_ws/vivado/kr260/kr260.gen/sources_1/bd/kria_bd/ipshared/9438/hdl/proc_sys_reset_v5_0_rfs.vhd:821]
INFO: [Synth 8-3491] module 'SRL16' declared at '/run/media/wiktork/Data/Vitis/2026.1/Vivado/scripts/rt/data/unisim_comp.v:170733' bound to instance 'POR_SRL_I' of component 'SRL16' [/home/wiktork/Code/atmos_ws/vivado/kr260/kr260.gen/sources_1/bd/kria_bd/ipshared/9438/hdl/proc_sys_reset_v5_0_rfs.vhd:873]
INFO: [Synth 8-6157] synthesizing module 'SRL16' [/run/media/wiktork/Data/Vitis/2026.1/Vivado/scripts/rt/data/unisim_comp.v:170733]
INFO: [Synth 8-6155] done synthesizing module 'SRL16' (0#1) [/run/media/wiktork/Data/Vitis/2026.1/Vivado/scripts/rt/data/unisim_comp.v:170733]
	Parameter DEST_SYNC_FF bound to: 4 - type: integer 
	Parameter INIT_SYNC_FF bound to: 0 - type: integer 
	Parameter SIM_ASSERT_CHK bound to: 0 - type: integer 
	Parameter SRC_INPUT_REG bound to: 0 - type: integer 
INFO: [Synth 8-3491] module 'xpm_cdc_single' declared at '/run/media/wiktork/Data/Vitis/2026.1/data/ip/xpm/xpm_cdc/hdl/xpm_cdc.sv:152' bound to instance 'ACT_LO_EXT' of component 'xpm_cdc_single' [/home/wiktork/Code/atmos_ws/vivado/kr260/kr260.gen/sources_1/bd/kria_bd/ipshared/9438/hdl/proc_sys_reset_v5_0_rfs.vhd:968]
INFO: [Synth 8-6157] synthesizing module 'xpm_cdc_single' [/run/media/wiktork/Data/Vitis/2026.1/data/ip/xpm/xpm_cdc/hdl/xpm_cdc.sv:152]
INFO: [Synth 8-6155] done synthesizing module 'xpm_cdc_single' (0#1) [/run/media/wiktork/Data/Vitis/2026.1/data/ip/xpm/xpm_cdc/hdl/xpm_cdc.sv:152]
	Parameter DEST_SYNC_FF bound to: 4 - type: integer 
	Parameter INIT_SYNC_FF bound to: 0 - type: integer 
	Parameter SIM_ASSERT_CHK bound to: 0 - type: integer 
	Parameter SRC_INPUT_REG bound to: 0 - type: integer 
INFO: [Synth 8-3491] module 'xpm_cdc_single' declared at '/run/media/wiktork/Data/Vitis/2026.1/data/ip/xpm/xpm_cdc/hdl/xpm_cdc.sv:152' bound to instance 'ACT_LO_AUX' of component 'xpm_cdc_single' [/home/wiktork/Code/atmos_ws/vivado/kr260/kr260.gen/sources_1/bd/kria_bd/ipshared/9438/hdl/proc_sys_reset_v5_0_rfs.vhd:1015]
INFO: [Synth 8-256] done synthesizing module 'lpf' (0#1) [/home/wiktork/Code/atmos_ws/vivado/kr260/kr260.gen/sources_1/bd/kria_bd/ipshared/9438/hdl/proc_sys_reset_v5_0_rfs.vhd:821]
INFO: [Synth 8-638] synthesizing module 'sequence_psr' [/home/wiktork/Code/atmos_ws/vivado/kr260/kr260.gen/sources_1/bd/kria_bd/ipshared/9438/hdl/proc_sys_reset_v5_0_rfs.vhd:304]
INFO: [Synth 8-638] synthesizing module 'upcnt_n' [/home/wiktork/Code/atmos_ws/vivado/kr260/kr260.gen/sources_1/bd/kria_bd/ipshared/9438/hdl/proc_sys_reset_v5_0_rfs.vhd:126]
INFO: [Synth 8-256] done synthesizing module 'upcnt_n' (0#1) [/home/wiktork/Code/atmos_ws/vivado/kr260/kr260.gen/sources_1/bd/kria_bd/ipshared/9438/hdl/proc_sys_reset_v5_0_rfs.vhd:126]
INFO: [Synth 8-256] done synthesizing module 'sequence_psr' (0#1) [/home/wiktork/Code/atmos_ws/vivado/kr260/kr260.gen/sources_1/bd/kria_bd/ipshared/9438/hdl/proc_sys_reset_v5_0_rfs.vhd:304]
INFO: [Synth 8-256] done synthesizing module 'proc_sys_reset' (0#1) [/home/wiktork/Code/atmos_ws/vivado/kr260/kr260.gen/sources_1/bd/kria_bd/ipshared/9438/hdl/proc_sys_reset_v5_0_rfs.vhd:1302]
INFO: [Synth 8-256] done synthesizing module 'kria_bd_proc_sys_reset_0_0' (0#1) [/home/wiktork/Code/atmos_ws/vivado/kr260/kr260.gen/sources_1/bd/kria_bd/ip/kria_bd_proc_sys_reset_0_0/synth/kria_bd_proc_sys_reset_0_0.vhd:74]
INFO: [Synth 8-7129] Port src_clk in module xpm_cdc_single is either unconnected or has no load
---------------------------------------------------------------------------------
Finished RTL Elaboration : Time (s): cpu = 00:00:05 ; elapsed = 00:00:06 . Memory (MB): peak = 3045.574 ; gain = 262.820 ; free physical = 3709 ; free virtual = 20298
---------------------------------------------------------------------------------
---------------------------------------------------------------------------------
Start Handling Custom Attributes
---------------------------------------------------------------------------------
---------------------------------------------------------------------------------
Finished Handling Custom Attributes : Time (s): cpu = 00:00:05 ; elapsed = 00:00:06 . Memory (MB): peak = 3045.574 ; gain = 262.820 ; free physical = 3709 ; free virtual = 20298
---------------------------------------------------------------------------------
---------------------------------------------------------------------------------
Finished RTL Optimization Phase 1 : Time (s): cpu = 00:00:05 ; elapsed = 00:00:06 . Memory (MB): peak = 3045.574 ; gain = 262.820 ; free physical = 3709 ; free virtual = 20298
---------------------------------------------------------------------------------
Netlist sorting complete. Time (s): cpu = 00:00:00 ; elapsed = 00:00:00 . Memory (MB): peak = 3053.574 ; gain = 0.000 ; free physical = 3705 ; free virtual = 20295
INFO: [Netlist 29-17] Analyzing 1 Unisim elements for replacement
INFO: [Netlist 29-28] Unisim Transformation completed in 0 CPU seconds
INFO: [Project 1-570] Preparing netlist for logic optimization

Processing XDC Constraints
Initializing timing engine
Parsing XDC File [/home/wiktork/Code/atmos_ws/vivado/kr260/kr260.gen/sources_1/bd/kria_bd/ip/kria_bd_proc_sys_reset_0_0/kria_bd_proc_sys_reset_0_0_ooc.xdc] for cell 'U0'
Finished Parsing XDC File [/home/wiktork/Code/atmos_ws/vivado/kr260/kr260.gen/sources_1/bd/kria_bd/ip/kria_bd_proc_sys_reset_0_0/kria_bd_proc_sys_reset_0_0_ooc.xdc] for cell 'U0'
Parsing XDC File [/home/wiktork/Code/atmos_ws/vivado/kr260/kr260.gen/sources_1/bd/kria_bd/ip/kria_bd_proc_sys_reset_0_0/kria_bd_proc_sys_reset_0_0_board.xdc] for cell 'U0'
Finished Parsing XDC File [/home/wiktork/Code/atmos_ws/vivado/kr260/kr260.gen/sources_1/bd/kria_bd/ip/kria_bd_proc_sys_reset_0_0/kria_bd_proc_sys_reset_0_0_board.xdc] for cell 'U0'
Parsing XDC File [/home/wiktork/Code/atmos_ws/vivado/kr260/kr260.runs/kria_bd_proc_sys_reset_0_0_synth_1/dont_touch.xdc]
Finished Parsing XDC File [/home/wiktork/Code/atmos_ws/vivado/kr260/kr260.runs/kria_bd_proc_sys_reset_0_0_synth_1/dont_touch.xdc]
INFO: [Project 1-236] Implementation specific constraints were found while reading constraint file [/run/media/wiktork/Data/Vitis/2026.1/data/ip/xpm/xpm_cdc/tcl/xpm_cdc_single.tcl]. These constraints will be ignored for synthesis but will be used in implementation. Impacted constraints are listed in the file [.Xil/kria_bd_proc_sys_reset_0_0_propImpl.xdc].
Resolution: To avoid this warning, move constraints listed in [.Xil/kria_bd_proc_sys_reset_0_0_propImpl.xdc] to another XDC file and exclude this new file from synthesis with the used_in_synthesis property (File Properties dialog in GUI) and re-run elaboration/synthesis.
INFO: [Project 1-1714] 2 XPM XDC files have been applied to the design.
Completed Processing XDC Constraints

Netlist sorting complete. Time (s): cpu = 00:00:00 ; elapsed = 00:00:00 . Memory (MB): peak = 3153.953 ; gain = 0.000 ; free physical = 3696 ; free virtual = 19932
INFO: [Project 1-111] Unisim Transformation Summary:
  A total of 1 instances were transformed.
  SRL16 => SRL16E: 1 instance 

Constraint Validation Runtime : Time (s): cpu = 00:00:00.01 ; elapsed = 00:00:00.04 . Memory (MB): peak = 3153.988 ; gain = 0.000 ; free physical = 3690 ; free virtual = 19931
INFO: [Designutils 20-5008] Incremental synthesis strategy off
---------------------------------------------------------------------------------
Finished Constraint Validation : Time (s): cpu = 00:00:16 ; elapsed = 00:00:16 . Memory (MB): peak = 3153.988 ; gain = 371.234 ; free physical = 3457 ; free virtual = 19544
---------------------------------------------------------------------------------
---------------------------------------------------------------------------------
Start Loading Part and Timing Information
---------------------------------------------------------------------------------
Loading part: xck26-sfvc784-2LV-c
INFO: [Synth 8-6742] Reading net delay rules and data
---------------------------------------------------------------------------------
Finished Loading Part and Timing Information : Time (s): cpu = 00:00:16 ; elapsed = 00:00:16 . Memory (MB): peak = 3161.957 ; gain = 379.203 ; free physical = 3457 ; free virtual = 19544
---------------------------------------------------------------------------------
---------------------------------------------------------------------------------
Start Applying 'set_property' XDC Constraints
---------------------------------------------------------------------------------
---------------------------------------------------------------------------------
Finished applying 'set_property' XDC Constraints : Time (s): cpu = 00:00:16 ; elapsed = 00:00:16 . Memory (MB): peak = 3161.957 ; gain = 379.203 ; free physical = 3457 ; free virtual = 19544
---------------------------------------------------------------------------------
---------------------------------------------------------------------------------
Finished RTL Optimization Phase 2 : Time (s): cpu = 00:00:16 ; elapsed = 00:00:16 . Memory (MB): peak = 3161.957 ; gain = 379.203 ; free physical = 3448 ; free virtual = 19536
---------------------------------------------------------------------------------
---------------------------------------------------------------------------------
Start RTL Component Statistics 
---------------------------------------------------------------------------------
Detailed RTL Component Info : 
+---Adders : 
	   2 Input    6 Bit       Adders := 1     
+---Registers : 
	                6 Bit    Registers := 1     
	                4 Bit    Registers := 2     
	                3 Bit    Registers := 3     
	                1 Bit    Registers := 14    
+---Muxes : 
	   2 Input    6 Bit        Muxes := 1     
	   2 Input    1 Bit        Muxes := 1     
---------------------------------------------------------------------------------
Finished RTL Component Statistics 
---------------------------------------------------------------------------------
---------------------------------------------------------------------------------
Start Part Resource Summary
---------------------------------------------------------------------------------
Part Resources:
DSPs: 1248 (col length:96)
BRAMs: 288 (col length: RAMB18 96 RAMB36 48)
---------------------------------------------------------------------------------
Finished Part Resource Summary
---------------------------------------------------------------------------------
---------------------------------------------------------------------------------
Start Cross Boundary and Area Optimization
---------------------------------------------------------------------------------
INFO: [Synth 8-7129] Port src_clk in module xpm_cdc_single is either unconnected or has no load
---------------------------------------------------------------------------------
Finished Cross Boundary and Area Optimization : Time (s): cpu = 00:00:17 ; elapsed = 00:00:18 . Memory (MB): peak = 3161.957 ; gain = 379.203 ; free physical = 3380 ; free virtual = 19458
---------------------------------------------------------------------------------
---------------------------------------------------------------------------------
Start Applying XDC Timing Constraints
---------------------------------------------------------------------------------
---------------------------------------------------------------------------------
Finished Applying XDC Timing Constraints : Time (s): cpu = 00:00:24 ; elapsed = 00:00:24 . Memory (MB): peak = 3777.086 ; gain = 994.332 ; free physical = 5421 ; free virtual = 21572
---------------------------------------------------------------------------------
---------------------------------------------------------------------------------
Start Timing Optimization
---------------------------------------------------------------------------------
---------------------------------------------------------------------------------
Finished Timing Optimization : Time (s): cpu = 00:00:24 ; elapsed = 00:00:24 . Memory (MB): peak = 3777.086 ; gain = 994.332 ; free physical = 5421 ; free virtual = 21572
---------------------------------------------------------------------------------
---------------------------------------------------------------------------------
Start Technology Mapping
---------------------------------------------------------------------------------
---------------------------------------------------------------------------------
Finished Technology Mapping : Time (s): cpu = 00:00:24 ; elapsed = 00:00:24 . Memory (MB): peak = 3806.133 ; gain = 1023.379 ; free physical = 5393 ; free virtual = 21544
---------------------------------------------------------------------------------
---------------------------------------------------------------------------------
Start IO Insertion
---------------------------------------------------------------------------------
---------------------------------------------------------------------------------
Start Flattening Before IO Insertion
---------------------------------------------------------------------------------
---------------------------------------------------------------------------------
Finished Flattening Before IO Insertion
---------------------------------------------------------------------------------
---------------------------------------------------------------------------------
Start Final Netlist Cleanup
---------------------------------------------------------------------------------
---------------------------------------------------------------------------------
Finished Final Netlist Cleanup
---------------------------------------------------------------------------------
---------------------------------------------------------------------------------
Finished IO Insertion : Time (s): cpu = 00:00:27 ; elapsed = 00:00:28 . Memory (MB): peak = 4001.945 ; gain = 1219.191 ; free physical = 4604 ; free virtual = 20912
---------------------------------------------------------------------------------
---------------------------------------------------------------------------------
Start Renaming Generated Instances
---------------------------------------------------------------------------------
---------------------------------------------------------------------------------
Finished Renaming Generated Instances : Time (s): cpu = 00:00:27 ; elapsed = 00:00:28 . Memory (MB): peak = 4001.945 ; gain = 1219.191 ; free physical = 4604 ; free virtual = 20912
---------------------------------------------------------------------------------
---------------------------------------------------------------------------------
Start Rebuilding User Hierarchy
---------------------------------------------------------------------------------
---------------------------------------------------------------------------------
Finished Rebuilding User Hierarchy : Time (s): cpu = 00:00:27 ; elapsed = 00:00:28 . Memory (MB): peak = 4001.945 ; gain = 1219.191 ; free physical = 4604 ; free virtual = 20912
---------------------------------------------------------------------------------
---------------------------------------------------------------------------------
Start Renaming Generated Ports
---------------------------------------------------------------------------------
---------------------------------------------------------------------------------
Finished Renaming Generated Ports : Time (s): cpu = 00:00:27 ; elapsed = 00:00:28 . Memory (MB): peak = 4001.945 ; gain = 1219.191 ; free physical = 4604 ; free virtual = 20912
---------------------------------------------------------------------------------
---------------------------------------------------------------------------------
Start Handling Custom Attributes
---------------------------------------------------------------------------------
---------------------------------------------------------------------------------
Finished Handling Custom Attributes : Time (s): cpu = 00:00:27 ; elapsed = 00:00:28 . Memory (MB): peak = 4001.945 ; gain = 1219.191 ; free physical = 4604 ; free virtual = 20912
---------------------------------------------------------------------------------
---------------------------------------------------------------------------------
Start Renaming Generated Nets
---------------------------------------------------------------------------------
---------------------------------------------------------------------------------
Finished Renaming Generated Nets : Time (s): cpu = 00:00:27 ; elapsed = 00:00:28 . Memory (MB): peak = 4001.945 ; gain = 1219.191 ; free physical = 4604 ; free virtual = 20912
---------------------------------------------------------------------------------
---------------------------------------------------------------------------------
Start Writing Synthesis Report
---------------------------------------------------------------------------------

Report BlackBoxes: 
+-+--------------+----------+
| |BlackBox name |Instances |
+-+--------------+----------+
+-+--------------+----------+

Report Cell Usage: 
+------+------+------+
|      |Cell  |Count |
+------+------+------+
|1     |LUT1  |     5|
|2     |LUT2  |     9|
|3     |LUT3  |     1|
|4     |LUT4  |     6|
|5     |LUT5  |     3|
|6     |LUT6  |     1|
|7     |SRL16 |     1|
|8     |FDRE  |    36|
|9     |FDSE  |     4|
+------+------+------+
---------------------------------------------------------------------------------
Finished Writing Synthesis Report : Time (s): cpu = 00:00:27 ; elapsed = 00:00:28 . Memory (MB): peak = 4001.945 ; gain = 1219.191 ; free physical = 4604 ; free virtual = 20912
---------------------------------------------------------------------------------
Synthesis finished with 0 errors, 0 critical warnings and 0 warnings.
Synthesis Optimization Runtime : Time (s): cpu = 00:00:22 ; elapsed = 00:00:22 . Memory (MB): peak = 4001.945 ; gain = 1110.777 ; free physical = 4576 ; free virtual = 20893
Synthesis Optimization Complete : Time (s): cpu = 00:00:27 ; elapsed = 00:00:28 . Memory (MB): peak = 4001.945 ; gain = 1219.191 ; free physical = 4576 ; free virtual = 20893
INFO: [Project 1-571] Translating synthesized netlist
Netlist sorting complete. Time (s): cpu = 00:00:00 ; elapsed = 00:00:00 . Memory (MB): peak = 4001.945 ; gain = 0.000 ; free physical = 4576 ; free virtual = 20893
INFO: [Netlist 29-17] Analyzing 1 Unisim elements for replacement
INFO: [Netlist 29-28] Unisim Transformation completed in 0 CPU seconds
INFO: [Project 1-570] Preparing netlist for logic optimization
INFO: [Opt 31-138] Pushed 0 inverter(s) to 0 load pin(s).
Netlist sorting complete. Time (s): cpu = 00:00:00 ; elapsed = 00:00:00 . Memory (MB): peak = 4001.945 ; gain = 0.000 ; free physical = 4527 ; free virtual = 20862
INFO: [Project 1-111] Unisim Transformation Summary:
  A total of 1 instances were transformed.
  SRL16 => SRL16E: 1 instance 

Synth Design complete | Checksum: 4e500874
INFO: [Common 17-83] Releasing license: Vivado_Synthesis
46 Infos, 0 Warnings, 0 Critical Warnings and 0 Errors encountered.
synth_design completed successfully
synth_design: Time (s): cpu = 00:00:36 ; elapsed = 00:00:34 . Memory (MB): peak = 4001.945 ; gain = 2239.770 ; free physical = 4469 ; free virtual = 20805
INFO: [Common 17-2834] synth_design peak Physical Memory [PSS] (MB): overall = 2857.491; main = 2857.491; forked = 231.469
INFO: [Common 17-2834] synth_design peak Virtual Memory [VSS] (MB): overall = 4436.574; main = 3975.988; forked = 1034.953
Write ShapeDB Complete: Time (s): cpu = 00:00:00 ; elapsed = 00:00:00 . Memory (MB): peak = 4001.945 ; gain = 0.000 ; free physical = 4450 ; free virtual = 20786
INFO: [Common 17-1381] The checkpoint '/home/wiktork/Code/atmos_ws/vivado/kr260/kr260.runs/kria_bd_proc_sys_reset_0_0_synth_1/kria_bd_proc_sys_reset_0_0.dcp' has been generated.
INFO: [Ipptcl 7-1612] Added synthesis output to IP cache for IP kria_bd_proc_sys_reset_0_0, cache-ID = 04192a5d758a78c1
INFO: [Coretcl 2-1174] Renamed 6 cell refs.
Write ShapeDB Complete: Time (s): cpu = 00:00:00 ; elapsed = 00:00:00 . Memory (MB): peak = 4001.945 ; gain = 0.000 ; free physical = 4322 ; free virtual = 20658
INFO: [Common 17-1381] The checkpoint '/home/wiktork/Code/atmos_ws/vivado/kr260/kr260.runs/kria_bd_proc_sys_reset_0_0_synth_1/kria_bd_proc_sys_reset_0_0.dcp' has been generated.
INFO: [Vivado 12-24828] Executing command : report_utilization -file kria_bd_proc_sys_reset_0_0_utilization_synth.rpt -pb kria_bd_proc_sys_reset_0_0_utilization_synth.pb
INFO: [Common 17-206] Exiting Vivado at Fri Sep 11 23:59:42 2026...
