
*** Running vivado
    with args -log kria_bd_smartconnect_0_0.vds -m64 -product Vivado -mode batch -messageDb vivado.pb -notrace -source kria_bd_smartconnect_0_0.tcl

INFO: [Common 17-3922] A valid Vivado Design Suite BASIC license has been detected. Your current license is active and will expire on 04-sep-2027.
#-----------------------------------------------------------
# Vivado v2026.1 (64-bit)
# SW Build 6511674 on Tue Jun 16 11:01:26 MDT 2026
# IP Build 6504888 on Tue Jun 09 09:05:25 MDT 2026
# SharedData Build 6501428 on Mon Jun 08 17:34:18 MDT 2026
# Start of session at: Fri Sep 11 23:54:19 2026
# Process ID         : 26563
# Current directory  : /home/wiktork/Code/atmos_ws/vivado/kr260/kr260.runs/kria_bd_smartconnect_0_0_synth_1
# Command line       : vivado -log kria_bd_smartconnect_0_0.vds -product Vivado -mode batch -messageDb vivado.pb -notrace -source kria_bd_smartconnect_0_0.tcl
# Log file           : /home/wiktork/Code/atmos_ws/vivado/kr260/kr260.runs/kria_bd_smartconnect_0_0_synth_1/kria_bd_smartconnect_0_0.vds
# Journal file       : /home/wiktork/Code/atmos_ws/vivado/kr260/kr260.runs/kria_bd_smartconnect_0_0_synth_1/vivado.jou
# Running On         : cachyos-x8664
# Platform           : cachyos
# Operating System   : CachyOS
# Processor Detail   : AMD Ryzen 7 3700X 8-Core Processor
# CPU Frequency      : 4085.253 MHz
# CPU Physical cores : 8
# CPU Logical cores  : 16
# Host memory        : 16703 MB
# Swap memory        : 16702 MB
# Total Virtual      : 33406 MB
# Available Virtual  : 26601 MB
#-----------------------------------------------------------

****** Vivado v2026.1 (64-bit)
  **** SW Build 6511674 on Tue Jun 16 11:01:26 MDT 2026
  **** IP Build 6504888 on Tue Jun 09 09:05:25 MDT 2026
  **** SharedData Build 6501428 on Mon Jun 08 17:34:18 MDT 2026
  **** Start of session at: Fri Sep 11 23:54:19 2026
    ** Copyright 1986-2022 Xilinx, Inc. All Rights Reserved.
    ** Copyright 2022-2026 Advanced Micro Devices, Inc. All Rights Reserved.

source kria_bd_smartconnect_0_0.tcl -notrace
create_project: Time (s): cpu = 00:00:16 ; elapsed = 00:00:10 . Memory (MB): peak = 1738.680 ; gain = 270.059 ; free physical = 1411 ; free virtual = 21330
Command: synth_design -top kria_bd_smartconnect_0_0 -part xck26-sfvc784-2LV-c -incremental_mode off -mode out_of_context
Starting synth_design
Attempting to get a license for feature 'Vivado_Synthesis' and/or device 'xck26'
INFO: [Common 17-349] Got license for feature 'Vivado_Synthesis' and/or device 'xck26'
INFO: [Device 21-403] Loading part xck26-sfvc784-2LV-c
INFO: [Designutils 20-5008] Incremental synthesis strategy off
INFO: [Synth 8-7079] Multithreading enabled for synth_design using a maximum of 7 processes.
INFO: [Synth 8-7078] Launching helper process for spawning children vivado processes
INFO: [Synth 8-7075] Helper process launched with PID 27131
---------------------------------------------------------------------------------
Starting RTL Elaboration : Time (s): cpu = 00:00:07 ; elapsed = 00:00:11 . Memory (MB): peak = 2970.734 ; gain = 169.766 ; free physical = 129 ; free virtual = 9273
---------------------------------------------------------------------------------
INFO: [Synth 8-6157] synthesizing module 'kria_bd_smartconnect_0_0' [/home/wiktork/Code/atmos_ws/vivado/kr260/kr260.gen/sources_1/bd/kria_bd/ip/kria_bd_smartconnect_0_0/synth/kria_bd_smartconnect_0_0.v:53]
INFO: [Synth 8-6157] synthesizing module 'bd_2d9b' [/home/wiktork/Code/atmos_ws/vivado/kr260/kr260.gen/sources_1/bd/kria_bd/ip/kria_bd_smartconnect_0_0/bd_0/synth/bd_2d9b.v:10]
INFO: [Synth 8-6157] synthesizing module 'bd_2d9b_sc_ul_0' [/home/wiktork/Code/atmos_ws/vivado/kr260/kr260.gen/sources_1/bd/kria_bd/ip/kria_bd_smartconnect_0_0/bd_0/ip/ip_0/synth/bd_2d9b_sc_ul_0.sv:53]
INFO: [Synth 8-6157] synthesizing module 'xpm_cdc_sync_rst' [/run/media/wiktork/Data/Vitis/2026.1/data/ip/xpm/xpm_cdc/hdl/xpm_cdc.sv:1059]
INFO: [Synth 8-6155] done synthesizing module 'xpm_cdc_sync_rst' (0#1) [/run/media/wiktork/Data/Vitis/2026.1/data/ip/xpm/xpm_cdc/hdl/xpm_cdc.sv:1059]
INFO: [Synth 8-6155] done synthesizing module 'bd_2d9b_sc_ul_0' (0#1) [/home/wiktork/Code/atmos_ws/vivado/kr260/kr260.gen/sources_1/bd/kria_bd/ip/kria_bd_smartconnect_0_0/bd_0/ip/ip_0/synth/bd_2d9b_sc_ul_0.sv:53]
WARNING: [Synth 8-7071] port 'aresetn_out' of module 'bd_2d9b_sc_ul_0' is unconnected for instance 'sc_ul' [/home/wiktork/Code/atmos_ws/vivado/kr260/kr260.gen/sources_1/bd/kria_bd/ip/kria_bd_smartconnect_0_0/bd_0/synth/bd_2d9b.v:350]
WARNING: [Synth 8-7071] port 'pc_asserted' of module 'bd_2d9b_sc_ul_0' is unconnected for instance 'sc_ul' [/home/wiktork/Code/atmos_ws/vivado/kr260/kr260.gen/sources_1/bd/kria_bd/ip/kria_bd_smartconnect_0_0/bd_0/synth/bd_2d9b.v:350]
WARNING: [Synth 8-7071] port 'pc_status' of module 'bd_2d9b_sc_ul_0' is unconnected for instance 'sc_ul' [/home/wiktork/Code/atmos_ws/vivado/kr260/kr260.gen/sources_1/bd/kria_bd/ip/kria_bd_smartconnect_0_0/bd_0/synth/bd_2d9b.v:350]
WARNING: [Synth 8-7023] instance 'sc_ul' of module 'bd_2d9b_sc_ul_0' has 115 connections declared, but only 112 given [/home/wiktork/Code/atmos_ws/vivado/kr260/kr260.gen/sources_1/bd/kria_bd/ip/kria_bd_smartconnect_0_0/bd_0/synth/bd_2d9b.v:350]
INFO: [Synth 8-6155] done synthesizing module 'bd_2d9b' (0#1) [/home/wiktork/Code/atmos_ws/vivado/kr260/kr260.gen/sources_1/bd/kria_bd/ip/kria_bd_smartconnect_0_0/bd_0/synth/bd_2d9b.v:10]
INFO: [Synth 8-6155] done synthesizing module 'kria_bd_smartconnect_0_0' (0#1) [/home/wiktork/Code/atmos_ws/vivado/kr260/kr260.gen/sources_1/bd/kria_bd/ip/kria_bd_smartconnect_0_0/synth/kria_bd_smartconnect_0_0.v:53]
INFO: [Synth 8-7129] Port s_axi_arsize_vec[2] in module sc_ultralite_v1_0_1_si_checker is either unconnected or has no load
INFO: [Synth 8-7129] Port s_axi_arsize_vec[1] in module sc_ultralite_v1_0_1_si_checker is either unconnected or has no load
INFO: [Synth 8-7129] Port s_axi_arsize_vec[0] in module sc_ultralite_v1_0_1_si_checker is either unconnected or has no load
INFO: [Synth 8-7129] Port s_axi_arlen_vec[7] in module sc_ultralite_v1_0_1_si_checker is either unconnected or has no load
INFO: [Synth 8-7129] Port s_axi_arlen_vec[6] in module sc_ultralite_v1_0_1_si_checker is either unconnected or has no load
INFO: [Synth 8-7129] Port s_axi_arlen_vec[5] in module sc_ultralite_v1_0_1_si_checker is either unconnected or has no load
INFO: [Synth 8-7129] Port s_axi_arlen_vec[4] in module sc_ultralite_v1_0_1_si_checker is either unconnected or has no load
INFO: [Synth 8-7129] Port s_axi_arlen_vec[3] in module sc_ultralite_v1_0_1_si_checker is either unconnected or has no load
INFO: [Synth 8-7129] Port s_axi_arlen_vec[2] in module sc_ultralite_v1_0_1_si_checker is either unconnected or has no load
INFO: [Synth 8-7129] Port s_axi_arlen_vec[1] in module sc_ultralite_v1_0_1_si_checker is either unconnected or has no load
INFO: [Synth 8-7129] Port s_axi_arlen_vec[0] in module sc_ultralite_v1_0_1_si_checker is either unconnected or has no load
INFO: [Synth 8-7129] Port s_axi_awsize_vec[2] in module sc_ultralite_v1_0_1_si_checker is either unconnected or has no load
INFO: [Synth 8-7129] Port s_axi_awsize_vec[1] in module sc_ultralite_v1_0_1_si_checker is either unconnected or has no load
INFO: [Synth 8-7129] Port s_axi_awsize_vec[0] in module sc_ultralite_v1_0_1_si_checker is either unconnected or has no load
INFO: [Synth 8-7129] Port s_axi_awlen_vec[7] in module sc_ultralite_v1_0_1_si_checker is either unconnected or has no load
INFO: [Synth 8-7129] Port s_axi_awlen_vec[6] in module sc_ultralite_v1_0_1_si_checker is either unconnected or has no load
INFO: [Synth 8-7129] Port s_axi_awlen_vec[5] in module sc_ultralite_v1_0_1_si_checker is either unconnected or has no load
INFO: [Synth 8-7129] Port s_axi_awlen_vec[4] in module sc_ultralite_v1_0_1_si_checker is either unconnected or has no load
INFO: [Synth 8-7129] Port s_axi_awlen_vec[3] in module sc_ultralite_v1_0_1_si_checker is either unconnected or has no load
INFO: [Synth 8-7129] Port s_axi_awlen_vec[2] in module sc_ultralite_v1_0_1_si_checker is either unconnected or has no load
INFO: [Synth 8-7129] Port s_axi_awlen_vec[1] in module sc_ultralite_v1_0_1_si_checker is either unconnected or has no load
INFO: [Synth 8-7129] Port s_axi_awlen_vec[0] in module sc_ultralite_v1_0_1_si_checker is either unconnected or has no load
INFO: [Synth 8-7129] Port din[95] in module sc_ultralite_v1_0_1_mux_hot__parameterized9 is either unconnected or has no load
INFO: [Synth 8-7129] Port din[94] in module sc_ultralite_v1_0_1_mux_hot__parameterized9 is either unconnected or has no load
INFO: [Synth 8-7129] Port din[93] in module sc_ultralite_v1_0_1_mux_hot__parameterized9 is either unconnected or has no load
INFO: [Synth 8-7129] Port din[92] in module sc_ultralite_v1_0_1_mux_hot__parameterized9 is either unconnected or has no load
INFO: [Synth 8-7129] Port din[91] in module sc_ultralite_v1_0_1_mux_hot__parameterized9 is either unconnected or has no load
INFO: [Synth 8-7129] Port din[90] in module sc_ultralite_v1_0_1_mux_hot__parameterized9 is either unconnected or has no load
INFO: [Synth 8-7129] Port din[89] in module sc_ultralite_v1_0_1_mux_hot__parameterized9 is either unconnected or has no load
INFO: [Synth 8-7129] Port din[88] in module sc_ultralite_v1_0_1_mux_hot__parameterized9 is either unconnected or has no load
INFO: [Synth 8-7129] Port din[87] in module sc_ultralite_v1_0_1_mux_hot__parameterized9 is either unconnected or has no load
INFO: [Synth 8-7129] Port din[86] in module sc_ultralite_v1_0_1_mux_hot__parameterized9 is either unconnected or has no load
INFO: [Synth 8-7129] Port din[85] in module sc_ultralite_v1_0_1_mux_hot__parameterized9 is either unconnected or has no load
INFO: [Synth 8-7129] Port din[84] in module sc_ultralite_v1_0_1_mux_hot__parameterized9 is either unconnected or has no load
INFO: [Synth 8-7129] Port din[83] in module sc_ultralite_v1_0_1_mux_hot__parameterized9 is either unconnected or has no load
INFO: [Synth 8-7129] Port din[82] in module sc_ultralite_v1_0_1_mux_hot__parameterized9 is either unconnected or has no load
INFO: [Synth 8-7129] Port din[81] in module sc_ultralite_v1_0_1_mux_hot__parameterized9 is either unconnected or has no load
INFO: [Synth 8-7129] Port din[80] in module sc_ultralite_v1_0_1_mux_hot__parameterized9 is either unconnected or has no load
INFO: [Synth 8-7129] Port din[79] in module sc_ultralite_v1_0_1_mux_hot__parameterized9 is either unconnected or has no load
INFO: [Synth 8-7129] Port din[78] in module sc_ultralite_v1_0_1_mux_hot__parameterized9 is either unconnected or has no load
INFO: [Synth 8-7129] Port din[77] in module sc_ultralite_v1_0_1_mux_hot__parameterized9 is either unconnected or has no load
INFO: [Synth 8-7129] Port din[76] in module sc_ultralite_v1_0_1_mux_hot__parameterized9 is either unconnected or has no load
INFO: [Synth 8-7129] Port din[75] in module sc_ultralite_v1_0_1_mux_hot__parameterized9 is either unconnected or has no load
INFO: [Synth 8-7129] Port din[74] in module sc_ultralite_v1_0_1_mux_hot__parameterized9 is either unconnected or has no load
INFO: [Synth 8-7129] Port din[73] in module sc_ultralite_v1_0_1_mux_hot__parameterized9 is either unconnected or has no load
INFO: [Synth 8-7129] Port din[72] in module sc_ultralite_v1_0_1_mux_hot__parameterized9 is either unconnected or has no load
INFO: [Synth 8-7129] Port din[71] in module sc_ultralite_v1_0_1_mux_hot__parameterized9 is either unconnected or has no load
INFO: [Synth 8-7129] Port din[70] in module sc_ultralite_v1_0_1_mux_hot__parameterized9 is either unconnected or has no load
INFO: [Synth 8-7129] Port din[69] in module sc_ultralite_v1_0_1_mux_hot__parameterized9 is either unconnected or has no load
INFO: [Synth 8-7129] Port din[68] in module sc_ultralite_v1_0_1_mux_hot__parameterized9 is either unconnected or has no load
INFO: [Synth 8-7129] Port din[67] in module sc_ultralite_v1_0_1_mux_hot__parameterized9 is either unconnected or has no load
INFO: [Synth 8-7129] Port din[63] in module sc_ultralite_v1_0_1_mux_hot__parameterized9 is either unconnected or has no load
INFO: [Synth 8-7129] Port din[62] in module sc_ultralite_v1_0_1_mux_hot__parameterized9 is either unconnected or has no load
INFO: [Synth 8-7129] Port din[61] in module sc_ultralite_v1_0_1_mux_hot__parameterized9 is either unconnected or has no load
INFO: [Synth 8-7129] Port din[60] in module sc_ultralite_v1_0_1_mux_hot__parameterized9 is either unconnected or has no load
INFO: [Synth 8-7129] Port din[59] in module sc_ultralite_v1_0_1_mux_hot__parameterized9 is either unconnected or has no load
INFO: [Synth 8-7129] Port din[58] in module sc_ultralite_v1_0_1_mux_hot__parameterized9 is either unconnected or has no load
INFO: [Synth 8-7129] Port din[57] in module sc_ultralite_v1_0_1_mux_hot__parameterized9 is either unconnected or has no load
INFO: [Synth 8-7129] Port din[56] in module sc_ultralite_v1_0_1_mux_hot__parameterized9 is either unconnected or has no load
INFO: [Synth 8-7129] Port din[55] in module sc_ultralite_v1_0_1_mux_hot__parameterized9 is either unconnected or has no load
INFO: [Synth 8-7129] Port din[54] in module sc_ultralite_v1_0_1_mux_hot__parameterized9 is either unconnected or has no load
INFO: [Synth 8-7129] Port din[53] in module sc_ultralite_v1_0_1_mux_hot__parameterized9 is either unconnected or has no load
INFO: [Synth 8-7129] Port din[52] in module sc_ultralite_v1_0_1_mux_hot__parameterized9 is either unconnected or has no load
INFO: [Synth 8-7129] Port din[51] in module sc_ultralite_v1_0_1_mux_hot__parameterized9 is either unconnected or has no load
INFO: [Synth 8-7129] Port din[50] in module sc_ultralite_v1_0_1_mux_hot__parameterized9 is either unconnected or has no load
INFO: [Synth 8-7129] Port din[49] in module sc_ultralite_v1_0_1_mux_hot__parameterized9 is either unconnected or has no load
INFO: [Synth 8-7129] Port din[48] in module sc_ultralite_v1_0_1_mux_hot__parameterized9 is either unconnected or has no load
INFO: [Synth 8-7129] Port din[47] in module sc_ultralite_v1_0_1_mux_hot__parameterized9 is either unconnected or has no load
INFO: [Synth 8-7129] Port din[46] in module sc_ultralite_v1_0_1_mux_hot__parameterized9 is either unconnected or has no load
INFO: [Synth 8-7129] Port din[45] in module sc_ultralite_v1_0_1_mux_hot__parameterized9 is either unconnected or has no load
INFO: [Synth 8-7129] Port din[44] in module sc_ultralite_v1_0_1_mux_hot__parameterized9 is either unconnected or has no load
INFO: [Synth 8-7129] Port din[43] in module sc_ultralite_v1_0_1_mux_hot__parameterized9 is either unconnected or has no load
INFO: [Synth 8-7129] Port din[42] in module sc_ultralite_v1_0_1_mux_hot__parameterized9 is either unconnected or has no load
INFO: [Synth 8-7129] Port din[41] in module sc_ultralite_v1_0_1_mux_hot__parameterized9 is either unconnected or has no load
INFO: [Synth 8-7129] Port din[40] in module sc_ultralite_v1_0_1_mux_hot__parameterized9 is either unconnected or has no load
INFO: [Synth 8-7129] Port din[39] in module sc_ultralite_v1_0_1_mux_hot__parameterized9 is either unconnected or has no load
INFO: [Synth 8-7129] Port din[38] in module sc_ultralite_v1_0_1_mux_hot__parameterized9 is either unconnected or has no load
INFO: [Synth 8-7129] Port din[37] in module sc_ultralite_v1_0_1_mux_hot__parameterized9 is either unconnected or has no load
INFO: [Synth 8-7129] Port din[36] in module sc_ultralite_v1_0_1_mux_hot__parameterized9 is either unconnected or has no load
INFO: [Synth 8-7129] Port din[35] in module sc_ultralite_v1_0_1_mux_hot__parameterized9 is either unconnected or has no load
INFO: [Synth 8-7129] Port din[31] in module sc_ultralite_v1_0_1_mux_hot__parameterized9 is either unconnected or has no load
INFO: [Synth 8-7129] Port din[30] in module sc_ultralite_v1_0_1_mux_hot__parameterized9 is either unconnected or has no load
INFO: [Synth 8-7129] Port din[29] in module sc_ultralite_v1_0_1_mux_hot__parameterized9 is either unconnected or has no load
INFO: [Synth 8-7129] Port din[28] in module sc_ultralite_v1_0_1_mux_hot__parameterized9 is either unconnected or has no load
INFO: [Synth 8-7129] Port din[27] in module sc_ultralite_v1_0_1_mux_hot__parameterized9 is either unconnected or has no load
INFO: [Synth 8-7129] Port din[26] in module sc_ultralite_v1_0_1_mux_hot__parameterized9 is either unconnected or has no load
INFO: [Synth 8-7129] Port din[25] in module sc_ultralite_v1_0_1_mux_hot__parameterized9 is either unconnected or has no load
INFO: [Synth 8-7129] Port din[24] in module sc_ultralite_v1_0_1_mux_hot__parameterized9 is either unconnected or has no load
INFO: [Synth 8-7129] Port din[23] in module sc_ultralite_v1_0_1_mux_hot__parameterized9 is either unconnected or has no load
INFO: [Synth 8-7129] Port din[22] in module sc_ultralite_v1_0_1_mux_hot__parameterized9 is either unconnected or has no load
INFO: [Synth 8-7129] Port din[21] in module sc_ultralite_v1_0_1_mux_hot__parameterized9 is either unconnected or has no load
INFO: [Synth 8-7129] Port din[20] in module sc_ultralite_v1_0_1_mux_hot__parameterized9 is either unconnected or has no load
INFO: [Synth 8-7129] Port din[19] in module sc_ultralite_v1_0_1_mux_hot__parameterized9 is either unconnected or has no load
INFO: [Synth 8-7129] Port din[18] in module sc_ultralite_v1_0_1_mux_hot__parameterized9 is either unconnected or has no load
INFO: [Synth 8-7129] Port din[17] in module sc_ultralite_v1_0_1_mux_hot__parameterized9 is either unconnected or has no load
INFO: [Synth 8-7129] Port din[16] in module sc_ultralite_v1_0_1_mux_hot__parameterized9 is either unconnected or has no load
INFO: [Synth 8-7129] Port din[15] in module sc_ultralite_v1_0_1_mux_hot__parameterized9 is either unconnected or has no load
INFO: [Synth 8-7129] Port din[14] in module sc_ultralite_v1_0_1_mux_hot__parameterized9 is either unconnected or has no load
INFO: [Synth 8-7129] Port din[13] in module sc_ultralite_v1_0_1_mux_hot__parameterized9 is either unconnected or has no load
INFO: [Synth 8-7129] Port din[12] in module sc_ultralite_v1_0_1_mux_hot__parameterized9 is either unconnected or has no load
INFO: [Common 17-14] Message 'Synth 8-7129' appears 100 times and further instances of the messages will be disabled. Use the Tcl command set_msg_config to change the current settings.
---------------------------------------------------------------------------------
Finished RTL Elaboration : Time (s): cpu = 00:00:11 ; elapsed = 00:00:16 . Memory (MB): peak = 3141.602 ; gain = 340.633 ; free physical = 148 ; free virtual = 7825
---------------------------------------------------------------------------------
---------------------------------------------------------------------------------
Start Handling Custom Attributes
---------------------------------------------------------------------------------
---------------------------------------------------------------------------------
Finished Handling Custom Attributes : Time (s): cpu = 00:00:11 ; elapsed = 00:00:17 . Memory (MB): peak = 3141.602 ; gain = 340.633 ; free physical = 171 ; free virtual = 7816
---------------------------------------------------------------------------------
---------------------------------------------------------------------------------
Finished RTL Optimization Phase 1 : Time (s): cpu = 00:00:11 ; elapsed = 00:00:17 . Memory (MB): peak = 3141.602 ; gain = 340.633 ; free physical = 171 ; free virtual = 7816
---------------------------------------------------------------------------------
Netlist sorting complete. Time (s): cpu = 00:00:00.29 ; elapsed = 00:00:00.29 . Memory (MB): peak = 3141.602 ; gain = 0.000 ; free physical = 151 ; free virtual = 7696
INFO: [Project 1-570] Preparing netlist for logic optimization

Processing XDC Constraints
Initializing timing engine
Parsing XDC File [/home/wiktork/Code/atmos_ws/vivado/kr260/kr260.gen/sources_1/bd/kria_bd/ip/kria_bd_smartconnect_0_0/ooc.xdc] for cell 'inst'
create_clock: Time (s): cpu = 00:00:05 ; elapsed = 00:00:05 . Memory (MB): peak = 3249.980 ; gain = 26.359 ; free physical = 181 ; free virtual = 7519
Finished Parsing XDC File [/home/wiktork/Code/atmos_ws/vivado/kr260/kr260.gen/sources_1/bd/kria_bd/ip/kria_bd_smartconnect_0_0/ooc.xdc] for cell 'inst'
Parsing XDC File [/home/wiktork/Code/atmos_ws/vivado/kr260/kr260.gen/sources_1/bd/kria_bd/ip/kria_bd_smartconnect_0_0/bd_0/ip/ip_0/bd_2d9b_sc_ul_0_cdc.xdc] for cell 'inst/sc_ul/inst'
WARNING: [Vivado 12-508] No pins matched 'get_pins -filter REF_PIN_NAME=~*CLR -of_objects [get_cells -hierarchical -filter {NAME =~ *si_checker_inst/*}]'. [/home/wiktork/Code/atmos_ws/vivado/kr260/kr260.gen/sources_1/bd/kria_bd/ip/kria_bd_smartconnect_0_0/bd_0/ip/ip_0/bd_2d9b_sc_ul_0_cdc.xdc:21]
Finished Parsing XDC File [/home/wiktork/Code/atmos_ws/vivado/kr260/kr260.gen/sources_1/bd/kria_bd/ip/kria_bd_smartconnect_0_0/bd_0/ip/ip_0/bd_2d9b_sc_ul_0_cdc.xdc] for cell 'inst/sc_ul/inst'
INFO: [Project 1-236] Implementation specific constraints were found while reading constraint file [/home/wiktork/Code/atmos_ws/vivado/kr260/kr260.gen/sources_1/bd/kria_bd/ip/kria_bd_smartconnect_0_0/bd_0/ip/ip_0/bd_2d9b_sc_ul_0_cdc.xdc]. These constraints will be ignored for synthesis but will be used in implementation. Impacted constraints are listed in the file [.Xil/kria_bd_smartconnect_0_0_propImpl.xdc].
Resolution: To avoid this warning, move constraints listed in [.Xil/kria_bd_smartconnect_0_0_propImpl.xdc] to another XDC file and exclude this new file from synthesis with the used_in_synthesis property (File Properties dialog in GUI) and re-run elaboration/synthesis.
Parsing XDC File [/home/wiktork/Code/atmos_ws/vivado/kr260/kr260.gen/sources_1/bd/kria_bd/ip/kria_bd_smartconnect_0_0/smartconnect.xdc] for cell 'inst'
Finished Parsing XDC File [/home/wiktork/Code/atmos_ws/vivado/kr260/kr260.gen/sources_1/bd/kria_bd/ip/kria_bd_smartconnect_0_0/smartconnect.xdc] for cell 'inst'
Parsing XDC File [/home/wiktork/Code/atmos_ws/vivado/kr260/kr260.runs/kria_bd_smartconnect_0_0_synth_1/dont_touch.xdc]
Finished Parsing XDC File [/home/wiktork/Code/atmos_ws/vivado/kr260/kr260.runs/kria_bd_smartconnect_0_0_synth_1/dont_touch.xdc]
INFO: [Project 1-1714] 1 XPM XDC files have been applied to the design.
Completed Processing XDC Constraints

Netlist sorting complete. Time (s): cpu = 00:00:00 ; elapsed = 00:00:00 . Memory (MB): peak = 3249.980 ; gain = 0.000 ; free physical = 141 ; free virtual = 7504
INFO: [Project 1-111] Unisim Transformation Summary:
No Unisim elements were transformed.

Constraint Validation Runtime : Time (s): cpu = 00:00:00.04 ; elapsed = 00:00:00.06 . Memory (MB): peak = 3250.016 ; gain = 0.000 ; free physical = 158 ; free virtual = 7496
INFO: [Designutils 20-5008] Incremental synthesis strategy off
---------------------------------------------------------------------------------
Finished Constraint Validation : Time (s): cpu = 00:00:24 ; elapsed = 00:00:31 . Memory (MB): peak = 3250.016 ; gain = 449.047 ; free physical = 173 ; free virtual = 7253
---------------------------------------------------------------------------------
---------------------------------------------------------------------------------
Start Loading Part and Timing Information
---------------------------------------------------------------------------------
Loading part: xck26-sfvc784-2LV-c
INFO: [Synth 8-6742] Reading net delay rules and data
---------------------------------------------------------------------------------
Finished Loading Part and Timing Information : Time (s): cpu = 00:00:24 ; elapsed = 00:00:31 . Memory (MB): peak = 3257.984 ; gain = 457.016 ; free physical = 173 ; free virtual = 7252
---------------------------------------------------------------------------------
---------------------------------------------------------------------------------
Start Applying 'set_property' XDC Constraints
---------------------------------------------------------------------------------
---------------------------------------------------------------------------------
Finished applying 'set_property' XDC Constraints : Time (s): cpu = 00:00:24 ; elapsed = 00:00:31 . Memory (MB): peak = 3257.984 ; gain = 457.016 ; free physical = 171 ; free virtual = 7252
---------------------------------------------------------------------------------
INFO: [Synth 8-802] inferred FSM for state register 'gen_write.w_state_reg' in module 'sc_ultralite_v1_0_1_sasd_lite'
INFO: [Synth 8-802] inferred FSM for state register 'gen_read.r_state_reg' in module 'sc_ultralite_v1_0_1_sasd_lite'
---------------------------------------------------------------------------------------------------
                   State |                     New Encoding |                Previous Encoding 
---------------------------------------------------------------------------------------------------
                  R_IDLE |                              000 | 00000000000000000000000000000000
                   R_ARB |                              001 | 00000000000000000000000000000001
                R_TARGET |                              010 | 00000000000000000000000000000010
                 R_WIDTH |                              011 | 00000000000000000000000000000011
                    R_RX |                              100 | 00000000000000000000000000000100
                    R_TX |                              101 | 00000000000000000000000000000101
                R_DECERR |                              110 | 00000000000000000000000000000110
---------------------------------------------------------------------------------------------------
INFO: [Synth 8-3354] encoded FSM with state register 'gen_read.r_state_reg' using encoding 'sequential' in module 'sc_ultralite_v1_0_1_sasd_lite'
---------------------------------------------------------------------------------------------------
                   State |                     New Encoding |                Previous Encoding 
---------------------------------------------------------------------------------------------------
                  W_IDLE |                              000 | 00000000000000000000000000000000
                   W_ARB |                              001 | 00000000000000000000000000000001
                W_TARGET |                              010 | 00000000000000000000000000000010
                    W_RX |                              011 | 00000000000000000000000000000011
                    W_TX |                              100 | 00000000000000000000000000000100
                  W_NULL |                              101 | 00000000000000000000000000000101
              W_COMPLETE |                              110 | 00000000000000000000000000000111
               W_RECOVER |                              111 | 00000000000000000000000000000110
---------------------------------------------------------------------------------------------------
INFO: [Synth 8-3354] encoded FSM with state register 'gen_write.w_state_reg' using encoding 'sequential' in module 'sc_ultralite_v1_0_1_sasd_lite'
---------------------------------------------------------------------------------
Finished RTL Optimization Phase 2 : Time (s): cpu = 00:00:26 ; elapsed = 00:00:33 . Memory (MB): peak = 3257.984 ; gain = 457.016 ; free physical = 159 ; free virtual = 7123
---------------------------------------------------------------------------------
---------------------------------------------------------------------------------
Start RTL Component Statistics 
---------------------------------------------------------------------------------
---------------------------------------------------------------------------------
Finished RTL Component Statistics 
---------------------------------------------------------------------------------
---------------------------------------------------------------------------------
Start Part Resource Summary
---------------------------------------------------------------------------------
Part Resources:
DSPs: 1248 (col length:96)
BRAMs: 288 (col length: RAMB18 96 RAMB36 48)
---------------------------------------------------------------------------------
Finished Part Resource Summary
---------------------------------------------------------------------------------
---------------------------------------------------------------------------------
Start Cross Boundary and Area Optimization
---------------------------------------------------------------------------------
---------------------------------------------------------------------------------
Finished Cross Boundary and Area Optimization : Time (s): cpu = 00:00:35 ; elapsed = 00:00:42 . Memory (MB): peak = 3257.984 ; gain = 457.016 ; free physical = 136 ; free virtual = 5194
---------------------------------------------------------------------------------

*** Running vivado
    with args -log kria_bd_smartconnect_0_0.vds -m64 -product Vivado -mode batch -messageDb vivado.pb -notrace -source kria_bd_smartconnect_0_0.tcl

INFO: [Common 17-3922] A valid Vivado Design Suite BASIC license has been detected. Your current license is active and will expire on 04-sep-2027.
#-----------------------------------------------------------
# Vivado v2026.1 (64-bit)
# SW Build 6511674 on Tue Jun 16 11:01:26 MDT 2026
# IP Build 6504888 on Tue Jun 09 09:05:25 MDT 2026
# SharedData Build 6501428 on Mon Jun 08 17:34:18 MDT 2026
# Start of session at: Fri Sep 11 23:59:43 2026
# Process ID         : 32202
# Current directory  : /home/wiktork/Code/atmos_ws/vivado/kr260/kr260.runs/kria_bd_smartconnect_0_0_synth_1
# Command line       : vivado -log kria_bd_smartconnect_0_0.vds -product Vivado -mode batch -messageDb vivado.pb -notrace -source kria_bd_smartconnect_0_0.tcl
# Log file           : /home/wiktork/Code/atmos_ws/vivado/kr260/kr260.runs/kria_bd_smartconnect_0_0_synth_1/kria_bd_smartconnect_0_0.vds
# Journal file       : /home/wiktork/Code/atmos_ws/vivado/kr260/kr260.runs/kria_bd_smartconnect_0_0_synth_1/vivado.jou
# Running On         : cachyos-x8664
# Platform           : cachyos
# Operating System   : CachyOS
# Processor Detail   : AMD Ryzen 7 3700X 8-Core Processor
# CPU Frequency      : 4183.545 MHz
# CPU Physical cores : 8
# CPU Logical cores  : 16
# Host memory        : 16703 MB
# Swap memory        : 16702 MB
# Total Virtual      : 33406 MB
# Available Virtual  : 23695 MB
#-----------------------------------------------------------

****** Vivado v2026.1 (64-bit)
  **** SW Build 6511674 on Tue Jun 16 11:01:26 MDT 2026
  **** IP Build 6504888 on Tue Jun 09 09:05:25 MDT 2026
  **** SharedData Build 6501428 on Mon Jun 08 17:34:18 MDT 2026
  **** Start of session at: Fri Sep 11 23:59:43 2026
    ** Copyright 1986-2022 Xilinx, Inc. All Rights Reserved.
    ** Copyright 2022-2026 Advanced Micro Devices, Inc. All Rights Reserved.

source kria_bd_smartconnect_0_0.tcl -notrace
Command: synth_design -top kria_bd_smartconnect_0_0 -part xck26-sfvc784-2LV-c -incremental_mode off -mode out_of_context
Starting synth_design
Attempting to get a license for feature 'Vivado_Synthesis' and/or device 'xck26'
INFO: [Common 17-349] Got license for feature 'Vivado_Synthesis' and/or device 'xck26'
INFO: [Device 21-403] Loading part xck26-sfvc784-2LV-c
INFO: [Designutils 20-5008] Incremental synthesis strategy off
INFO: [Synth 8-7079] Multithreading enabled for synth_design using a maximum of 7 processes.
INFO: [Synth 8-7078] Launching helper process for spawning children vivado processes
INFO: [Synth 8-7075] Helper process launched with PID 32584
---------------------------------------------------------------------------------
Starting RTL Elaboration : Time (s): cpu = 00:00:04 ; elapsed = 00:00:04 . Memory (MB): peak = 2971.062 ; gain = 170.766 ; free physical = 3884 ; free virtual = 20096
---------------------------------------------------------------------------------
INFO: [Synth 8-6157] synthesizing module 'kria_bd_smartconnect_0_0' [/home/wiktork/Code/atmos_ws/vivado/kr260/kr260.gen/sources_1/bd/kria_bd/ip/kria_bd_smartconnect_0_0/synth/kria_bd_smartconnect_0_0.v:53]
INFO: [Synth 8-6157] synthesizing module 'bd_2d9b' [/home/wiktork/Code/atmos_ws/vivado/kr260/kr260.gen/sources_1/bd/kria_bd/ip/kria_bd_smartconnect_0_0/bd_0/synth/bd_2d9b.v:10]
INFO: [Synth 8-6157] synthesizing module 'bd_2d9b_sc_ul_0' [/home/wiktork/Code/atmos_ws/vivado/kr260/kr260.gen/sources_1/bd/kria_bd/ip/kria_bd_smartconnect_0_0/bd_0/ip/ip_0/synth/bd_2d9b_sc_ul_0.sv:53]
INFO: [Synth 8-6157] synthesizing module 'xpm_cdc_sync_rst' [/run/media/wiktork/Data/Vitis/2026.1/data/ip/xpm/xpm_cdc/hdl/xpm_cdc.sv:1059]
INFO: [Synth 8-6155] done synthesizing module 'xpm_cdc_sync_rst' (0#1) [/run/media/wiktork/Data/Vitis/2026.1/data/ip/xpm/xpm_cdc/hdl/xpm_cdc.sv:1059]
INFO: [Synth 8-6155] done synthesizing module 'bd_2d9b_sc_ul_0' (0#1) [/home/wiktork/Code/atmos_ws/vivado/kr260/kr260.gen/sources_1/bd/kria_bd/ip/kria_bd_smartconnect_0_0/bd_0/ip/ip_0/synth/bd_2d9b_sc_ul_0.sv:53]
WARNING: [Synth 8-7071] port 'aresetn_out' of module 'bd_2d9b_sc_ul_0' is unconnected for instance 'sc_ul' [/home/wiktork/Code/atmos_ws/vivado/kr260/kr260.gen/sources_1/bd/kria_bd/ip/kria_bd_smartconnect_0_0/bd_0/synth/bd_2d9b.v:350]
WARNING: [Synth 8-7071] port 'pc_asserted' of module 'bd_2d9b_sc_ul_0' is unconnected for instance 'sc_ul' [/home/wiktork/Code/atmos_ws/vivado/kr260/kr260.gen/sources_1/bd/kria_bd/ip/kria_bd_smartconnect_0_0/bd_0/synth/bd_2d9b.v:350]
WARNING: [Synth 8-7071] port 'pc_status' of module 'bd_2d9b_sc_ul_0' is unconnected for instance 'sc_ul' [/home/wiktork/Code/atmos_ws/vivado/kr260/kr260.gen/sources_1/bd/kria_bd/ip/kria_bd_smartconnect_0_0/bd_0/synth/bd_2d9b.v:350]
WARNING: [Synth 8-7023] instance 'sc_ul' of module 'bd_2d9b_sc_ul_0' has 115 connections declared, but only 112 given [/home/wiktork/Code/atmos_ws/vivado/kr260/kr260.gen/sources_1/bd/kria_bd/ip/kria_bd_smartconnect_0_0/bd_0/synth/bd_2d9b.v:350]
INFO: [Synth 8-6155] done synthesizing module 'bd_2d9b' (0#1) [/home/wiktork/Code/atmos_ws/vivado/kr260/kr260.gen/sources_1/bd/kria_bd/ip/kria_bd_smartconnect_0_0/bd_0/synth/bd_2d9b.v:10]
INFO: [Synth 8-6155] done synthesizing module 'kria_bd_smartconnect_0_0' (0#1) [/home/wiktork/Code/atmos_ws/vivado/kr260/kr260.gen/sources_1/bd/kria_bd/ip/kria_bd_smartconnect_0_0/synth/kria_bd_smartconnect_0_0.v:53]
INFO: [Synth 8-7129] Port s_axi_arsize_vec[2] in module sc_ultralite_v1_0_1_si_checker is either unconnected or has no load
INFO: [Synth 8-7129] Port s_axi_arsize_vec[1] in module sc_ultralite_v1_0_1_si_checker is either unconnected or has no load
INFO: [Synth 8-7129] Port s_axi_arsize_vec[0] in module sc_ultralite_v1_0_1_si_checker is either unconnected or has no load
INFO: [Synth 8-7129] Port s_axi_arlen_vec[7] in module sc_ultralite_v1_0_1_si_checker is either unconnected or has no load
INFO: [Synth 8-7129] Port s_axi_arlen_vec[6] in module sc_ultralite_v1_0_1_si_checker is either unconnected or has no load
INFO: [Synth 8-7129] Port s_axi_arlen_vec[5] in module sc_ultralite_v1_0_1_si_checker is either unconnected or has no load
INFO: [Synth 8-7129] Port s_axi_arlen_vec[4] in module sc_ultralite_v1_0_1_si_checker is either unconnected or has no load
INFO: [Synth 8-7129] Port s_axi_arlen_vec[3] in module sc_ultralite_v1_0_1_si_checker is either unconnected or has no load
INFO: [Synth 8-7129] Port s_axi_arlen_vec[2] in module sc_ultralite_v1_0_1_si_checker is either unconnected or has no load
INFO: [Synth 8-7129] Port s_axi_arlen_vec[1] in module sc_ultralite_v1_0_1_si_checker is either unconnected or has no load
INFO: [Synth 8-7129] Port s_axi_arlen_vec[0] in module sc_ultralite_v1_0_1_si_checker is either unconnected or has no load
INFO: [Synth 8-7129] Port s_axi_awsize_vec[2] in module sc_ultralite_v1_0_1_si_checker is either unconnected or has no load
INFO: [Synth 8-7129] Port s_axi_awsize_vec[1] in module sc_ultralite_v1_0_1_si_checker is either unconnected or has no load
INFO: [Synth 8-7129] Port s_axi_awsize_vec[0] in module sc_ultralite_v1_0_1_si_checker is either unconnected or has no load
INFO: [Synth 8-7129] Port s_axi_awlen_vec[7] in module sc_ultralite_v1_0_1_si_checker is either unconnected or has no load
INFO: [Synth 8-7129] Port s_axi_awlen_vec[6] in module sc_ultralite_v1_0_1_si_checker is either unconnected or has no load
INFO: [Synth 8-7129] Port s_axi_awlen_vec[5] in module sc_ultralite_v1_0_1_si_checker is either unconnected or has no load
INFO: [Synth 8-7129] Port s_axi_awlen_vec[4] in module sc_ultralite_v1_0_1_si_checker is either unconnected or has no load
INFO: [Synth 8-7129] Port s_axi_awlen_vec[3] in module sc_ultralite_v1_0_1_si_checker is either unconnected or has no load
INFO: [Synth 8-7129] Port s_axi_awlen_vec[2] in module sc_ultralite_v1_0_1_si_checker is either unconnected or has no load
INFO: [Synth 8-7129] Port s_axi_awlen_vec[1] in module sc_ultralite_v1_0_1_si_checker is either unconnected or has no load
INFO: [Synth 8-7129] Port s_axi_awlen_vec[0] in module sc_ultralite_v1_0_1_si_checker is either unconnected or has no load
INFO: [Synth 8-7129] Port din[95] in module sc_ultralite_v1_0_1_mux_hot__parameterized9 is either unconnected or has no load
INFO: [Synth 8-7129] Port din[94] in module sc_ultralite_v1_0_1_mux_hot__parameterized9 is either unconnected or has no load
INFO: [Synth 8-7129] Port din[93] in module sc_ultralite_v1_0_1_mux_hot__parameterized9 is either unconnected or has no load
INFO: [Synth 8-7129] Port din[92] in module sc_ultralite_v1_0_1_mux_hot__parameterized9 is either unconnected or has no load
INFO: [Synth 8-7129] Port din[91] in module sc_ultralite_v1_0_1_mux_hot__parameterized9 is either unconnected or has no load
INFO: [Synth 8-7129] Port din[90] in module sc_ultralite_v1_0_1_mux_hot__parameterized9 is either unconnected or has no load
INFO: [Synth 8-7129] Port din[89] in module sc_ultralite_v1_0_1_mux_hot__parameterized9 is either unconnected or has no load
INFO: [Synth 8-7129] Port din[88] in module sc_ultralite_v1_0_1_mux_hot__parameterized9 is either unconnected or has no load
INFO: [Synth 8-7129] Port din[87] in module sc_ultralite_v1_0_1_mux_hot__parameterized9 is either unconnected or has no load
INFO: [Synth 8-7129] Port din[86] in module sc_ultralite_v1_0_1_mux_hot__parameterized9 is either unconnected or has no load
INFO: [Synth 8-7129] Port din[85] in module sc_ultralite_v1_0_1_mux_hot__parameterized9 is either unconnected or has no load
INFO: [Synth 8-7129] Port din[84] in module sc_ultralite_v1_0_1_mux_hot__parameterized9 is either unconnected or has no load
INFO: [Synth 8-7129] Port din[83] in module sc_ultralite_v1_0_1_mux_hot__parameterized9 is either unconnected or has no load
INFO: [Synth 8-7129] Port din[82] in module sc_ultralite_v1_0_1_mux_hot__parameterized9 is either unconnected or has no load
INFO: [Synth 8-7129] Port din[81] in module sc_ultralite_v1_0_1_mux_hot__parameterized9 is either unconnected or has no load
INFO: [Synth 8-7129] Port din[80] in module sc_ultralite_v1_0_1_mux_hot__parameterized9 is either unconnected or has no load
INFO: [Synth 8-7129] Port din[79] in module sc_ultralite_v1_0_1_mux_hot__parameterized9 is either unconnected or has no load
INFO: [Synth 8-7129] Port din[78] in module sc_ultralite_v1_0_1_mux_hot__parameterized9 is either unconnected or has no load
INFO: [Synth 8-7129] Port din[77] in module sc_ultralite_v1_0_1_mux_hot__parameterized9 is either unconnected or has no load
INFO: [Synth 8-7129] Port din[76] in module sc_ultralite_v1_0_1_mux_hot__parameterized9 is either unconnected or has no load
INFO: [Synth 8-7129] Port din[75] in module sc_ultralite_v1_0_1_mux_hot__parameterized9 is either unconnected or has no load
INFO: [Synth 8-7129] Port din[74] in module sc_ultralite_v1_0_1_mux_hot__parameterized9 is either unconnected or has no load
INFO: [Synth 8-7129] Port din[73] in module sc_ultralite_v1_0_1_mux_hot__parameterized9 is either unconnected or has no load
INFO: [Synth 8-7129] Port din[72] in module sc_ultralite_v1_0_1_mux_hot__parameterized9 is either unconnected or has no load
INFO: [Synth 8-7129] Port din[71] in module sc_ultralite_v1_0_1_mux_hot__parameterized9 is either unconnected or has no load
INFO: [Synth 8-7129] Port din[70] in module sc_ultralite_v1_0_1_mux_hot__parameterized9 is either unconnected or has no load
INFO: [Synth 8-7129] Port din[69] in module sc_ultralite_v1_0_1_mux_hot__parameterized9 is either unconnected or has no load
INFO: [Synth 8-7129] Port din[68] in module sc_ultralite_v1_0_1_mux_hot__parameterized9 is either unconnected or has no load
INFO: [Synth 8-7129] Port din[67] in module sc_ultralite_v1_0_1_mux_hot__parameterized9 is either unconnected or has no load
INFO: [Synth 8-7129] Port din[63] in module sc_ultralite_v1_0_1_mux_hot__parameterized9 is either unconnected or has no load
INFO: [Synth 8-7129] Port din[62] in module sc_ultralite_v1_0_1_mux_hot__parameterized9 is either unconnected or has no load
INFO: [Synth 8-7129] Port din[61] in module sc_ultralite_v1_0_1_mux_hot__parameterized9 is either unconnected or has no load
INFO: [Synth 8-7129] Port din[60] in module sc_ultralite_v1_0_1_mux_hot__parameterized9 is either unconnected or has no load
INFO: [Synth 8-7129] Port din[59] in module sc_ultralite_v1_0_1_mux_hot__parameterized9 is either unconnected or has no load
INFO: [Synth 8-7129] Port din[58] in module sc_ultralite_v1_0_1_mux_hot__parameterized9 is either unconnected or has no load
INFO: [Synth 8-7129] Port din[57] in module sc_ultralite_v1_0_1_mux_hot__parameterized9 is either unconnected or has no load
INFO: [Synth 8-7129] Port din[56] in module sc_ultralite_v1_0_1_mux_hot__parameterized9 is either unconnected or has no load
INFO: [Synth 8-7129] Port din[55] in module sc_ultralite_v1_0_1_mux_hot__parameterized9 is either unconnected or has no load
INFO: [Synth 8-7129] Port din[54] in module sc_ultralite_v1_0_1_mux_hot__parameterized9 is either unconnected or has no load
INFO: [Synth 8-7129] Port din[53] in module sc_ultralite_v1_0_1_mux_hot__parameterized9 is either unconnected or has no load
INFO: [Synth 8-7129] Port din[52] in module sc_ultralite_v1_0_1_mux_hot__parameterized9 is either unconnected or has no load
INFO: [Synth 8-7129] Port din[51] in module sc_ultralite_v1_0_1_mux_hot__parameterized9 is either unconnected or has no load
INFO: [Synth 8-7129] Port din[50] in module sc_ultralite_v1_0_1_mux_hot__parameterized9 is either unconnected or has no load
INFO: [Synth 8-7129] Port din[49] in module sc_ultralite_v1_0_1_mux_hot__parameterized9 is either unconnected or has no load
INFO: [Synth 8-7129] Port din[48] in module sc_ultralite_v1_0_1_mux_hot__parameterized9 is either unconnected or has no load
INFO: [Synth 8-7129] Port din[47] in module sc_ultralite_v1_0_1_mux_hot__parameterized9 is either unconnected or has no load
INFO: [Synth 8-7129] Port din[46] in module sc_ultralite_v1_0_1_mux_hot__parameterized9 is either unconnected or has no load
INFO: [Synth 8-7129] Port din[45] in module sc_ultralite_v1_0_1_mux_hot__parameterized9 is either unconnected or has no load
INFO: [Synth 8-7129] Port din[44] in module sc_ultralite_v1_0_1_mux_hot__parameterized9 is either unconnected or has no load
INFO: [Synth 8-7129] Port din[43] in module sc_ultralite_v1_0_1_mux_hot__parameterized9 is either unconnected or has no load
INFO: [Synth 8-7129] Port din[42] in module sc_ultralite_v1_0_1_mux_hot__parameterized9 is either unconnected or has no load
INFO: [Synth 8-7129] Port din[41] in module sc_ultralite_v1_0_1_mux_hot__parameterized9 is either unconnected or has no load
INFO: [Synth 8-7129] Port din[40] in module sc_ultralite_v1_0_1_mux_hot__parameterized9 is either unconnected or has no load
INFO: [Synth 8-7129] Port din[39] in module sc_ultralite_v1_0_1_mux_hot__parameterized9 is either unconnected or has no load
INFO: [Synth 8-7129] Port din[38] in module sc_ultralite_v1_0_1_mux_hot__parameterized9 is either unconnected or has no load
INFO: [Synth 8-7129] Port din[37] in module sc_ultralite_v1_0_1_mux_hot__parameterized9 is either unconnected or has no load
INFO: [Synth 8-7129] Port din[36] in module sc_ultralite_v1_0_1_mux_hot__parameterized9 is either unconnected or has no load
INFO: [Synth 8-7129] Port din[35] in module sc_ultralite_v1_0_1_mux_hot__parameterized9 is either unconnected or has no load
INFO: [Synth 8-7129] Port din[31] in module sc_ultralite_v1_0_1_mux_hot__parameterized9 is either unconnected or has no load
INFO: [Synth 8-7129] Port din[30] in module sc_ultralite_v1_0_1_mux_hot__parameterized9 is either unconnected or has no load
INFO: [Synth 8-7129] Port din[29] in module sc_ultralite_v1_0_1_mux_hot__parameterized9 is either unconnected or has no load
INFO: [Synth 8-7129] Port din[28] in module sc_ultralite_v1_0_1_mux_hot__parameterized9 is either unconnected or has no load
INFO: [Synth 8-7129] Port din[27] in module sc_ultralite_v1_0_1_mux_hot__parameterized9 is either unconnected or has no load
INFO: [Synth 8-7129] Port din[26] in module sc_ultralite_v1_0_1_mux_hot__parameterized9 is either unconnected or has no load
INFO: [Synth 8-7129] Port din[25] in module sc_ultralite_v1_0_1_mux_hot__parameterized9 is either unconnected or has no load
INFO: [Synth 8-7129] Port din[24] in module sc_ultralite_v1_0_1_mux_hot__parameterized9 is either unconnected or has no load
INFO: [Synth 8-7129] Port din[23] in module sc_ultralite_v1_0_1_mux_hot__parameterized9 is either unconnected or has no load
INFO: [Synth 8-7129] Port din[22] in module sc_ultralite_v1_0_1_mux_hot__parameterized9 is either unconnected or has no load
INFO: [Synth 8-7129] Port din[21] in module sc_ultralite_v1_0_1_mux_hot__parameterized9 is either unconnected or has no load
INFO: [Synth 8-7129] Port din[20] in module sc_ultralite_v1_0_1_mux_hot__parameterized9 is either unconnected or has no load
INFO: [Synth 8-7129] Port din[19] in module sc_ultralite_v1_0_1_mux_hot__parameterized9 is either unconnected or has no load
INFO: [Synth 8-7129] Port din[18] in module sc_ultralite_v1_0_1_mux_hot__parameterized9 is either unconnected or has no load
INFO: [Synth 8-7129] Port din[17] in module sc_ultralite_v1_0_1_mux_hot__parameterized9 is either unconnected or has no load
INFO: [Synth 8-7129] Port din[16] in module sc_ultralite_v1_0_1_mux_hot__parameterized9 is either unconnected or has no load
INFO: [Synth 8-7129] Port din[15] in module sc_ultralite_v1_0_1_mux_hot__parameterized9 is either unconnected or has no load
INFO: [Synth 8-7129] Port din[14] in module sc_ultralite_v1_0_1_mux_hot__parameterized9 is either unconnected or has no load
INFO: [Synth 8-7129] Port din[13] in module sc_ultralite_v1_0_1_mux_hot__parameterized9 is either unconnected or has no load
INFO: [Synth 8-7129] Port din[12] in module sc_ultralite_v1_0_1_mux_hot__parameterized9 is either unconnected or has no load
INFO: [Common 17-14] Message 'Synth 8-7129' appears 100 times and further instances of the messages will be disabled. Use the Tcl command set_msg_config to change the current settings.
---------------------------------------------------------------------------------
Finished RTL Elaboration : Time (s): cpu = 00:00:07 ; elapsed = 00:00:08 . Memory (MB): peak = 3141.930 ; gain = 341.633 ; free physical = 3756 ; free virtual = 19909
---------------------------------------------------------------------------------
---------------------------------------------------------------------------------
Start Handling Custom Attributes
---------------------------------------------------------------------------------
---------------------------------------------------------------------------------
Finished Handling Custom Attributes : Time (s): cpu = 00:00:08 ; elapsed = 00:00:08 . Memory (MB): peak = 3141.930 ; gain = 341.633 ; free physical = 3756 ; free virtual = 19909
---------------------------------------------------------------------------------
---------------------------------------------------------------------------------
Finished RTL Optimization Phase 1 : Time (s): cpu = 00:00:08 ; elapsed = 00:00:08 . Memory (MB): peak = 3141.930 ; gain = 341.633 ; free physical = 3756 ; free virtual = 19909
---------------------------------------------------------------------------------
Netlist sorting complete. Time (s): cpu = 00:00:00.27 ; elapsed = 00:00:00.27 . Memory (MB): peak = 3141.930 ; gain = 0.000 ; free physical = 3753 ; free virtual = 19907
INFO: [Project 1-570] Preparing netlist for logic optimization

Processing XDC Constraints
Initializing timing engine
Parsing XDC File [/home/wiktork/Code/atmos_ws/vivado/kr260/kr260.gen/sources_1/bd/kria_bd/ip/kria_bd_smartconnect_0_0/ooc.xdc] for cell 'inst'
Finished Parsing XDC File [/home/wiktork/Code/atmos_ws/vivado/kr260/kr260.gen/sources_1/bd/kria_bd/ip/kria_bd_smartconnect_0_0/ooc.xdc] for cell 'inst'
Parsing XDC File [/home/wiktork/Code/atmos_ws/vivado/kr260/kr260.gen/sources_1/bd/kria_bd/ip/kria_bd_smartconnect_0_0/bd_0/ip/ip_0/bd_2d9b_sc_ul_0_cdc.xdc] for cell 'inst/sc_ul/inst'
WARNING: [Vivado 12-508] No pins matched 'get_pins -filter REF_PIN_NAME=~*CLR -of_objects [get_cells -hierarchical -filter {NAME =~ *si_checker_inst/*}]'. [/home/wiktork/Code/atmos_ws/vivado/kr260/kr260.gen/sources_1/bd/kria_bd/ip/kria_bd_smartconnect_0_0/bd_0/ip/ip_0/bd_2d9b_sc_ul_0_cdc.xdc:21]
Finished Parsing XDC File [/home/wiktork/Code/atmos_ws/vivado/kr260/kr260.gen/sources_1/bd/kria_bd/ip/kria_bd_smartconnect_0_0/bd_0/ip/ip_0/bd_2d9b_sc_ul_0_cdc.xdc] for cell 'inst/sc_ul/inst'
INFO: [Project 1-236] Implementation specific constraints were found while reading constraint file [/home/wiktork/Code/atmos_ws/vivado/kr260/kr260.gen/sources_1/bd/kria_bd/ip/kria_bd_smartconnect_0_0/bd_0/ip/ip_0/bd_2d9b_sc_ul_0_cdc.xdc]. These constraints will be ignored for synthesis but will be used in implementation. Impacted constraints are listed in the file [.Xil/kria_bd_smartconnect_0_0_propImpl.xdc].
Resolution: To avoid this warning, move constraints listed in [.Xil/kria_bd_smartconnect_0_0_propImpl.xdc] to another XDC file and exclude this new file from synthesis with the used_in_synthesis property (File Properties dialog in GUI) and re-run elaboration/synthesis.
Parsing XDC File [/home/wiktork/Code/atmos_ws/vivado/kr260/kr260.gen/sources_1/bd/kria_bd/ip/kria_bd_smartconnect_0_0/smartconnect.xdc] for cell 'inst'
Finished Parsing XDC File [/home/wiktork/Code/atmos_ws/vivado/kr260/kr260.gen/sources_1/bd/kria_bd/ip/kria_bd_smartconnect_0_0/smartconnect.xdc] for cell 'inst'
Parsing XDC File [/home/wiktork/Code/atmos_ws/vivado/kr260/kr260.runs/kria_bd_smartconnect_0_0_synth_1/dont_touch.xdc]
Finished Parsing XDC File [/home/wiktork/Code/atmos_ws/vivado/kr260/kr260.runs/kria_bd_smartconnect_0_0_synth_1/dont_touch.xdc]
INFO: [Project 1-1714] 1 XPM XDC files have been applied to the design.
Completed Processing XDC Constraints

Netlist sorting complete. Time (s): cpu = 00:00:00 ; elapsed = 00:00:00 . Memory (MB): peak = 3248.309 ; gain = 0.000 ; free physical = 3434 ; free virtual = 19358
INFO: [Project 1-111] Unisim Transformation Summary:
No Unisim elements were transformed.

Constraint Validation Runtime : Time (s): cpu = 00:00:00.04 ; elapsed = 00:00:00.03 . Memory (MB): peak = 3248.344 ; gain = 0.000 ; free physical = 3446 ; free virtual = 19356
INFO: [Designutils 20-5008] Incremental synthesis strategy off
---------------------------------------------------------------------------------
Finished Constraint Validation : Time (s): cpu = 00:00:20 ; elapsed = 00:00:20 . Memory (MB): peak = 3248.344 ; gain = 448.047 ; free physical = 3152 ; free virtual = 19086
---------------------------------------------------------------------------------
---------------------------------------------------------------------------------
Start Loading Part and Timing Information
---------------------------------------------------------------------------------
Loading part: xck26-sfvc784-2LV-c
INFO: [Synth 8-6742] Reading net delay rules and data
---------------------------------------------------------------------------------
Finished Loading Part and Timing Information : Time (s): cpu = 00:00:20 ; elapsed = 00:00:20 . Memory (MB): peak = 3256.312 ; gain = 456.016 ; free physical = 3152 ; free virtual = 19086
---------------------------------------------------------------------------------
---------------------------------------------------------------------------------
Start Applying 'set_property' XDC Constraints
---------------------------------------------------------------------------------
---------------------------------------------------------------------------------
Finished applying 'set_property' XDC Constraints : Time (s): cpu = 00:00:20 ; elapsed = 00:00:20 . Memory (MB): peak = 3256.312 ; gain = 456.016 ; free physical = 3150 ; free virtual = 19084
---------------------------------------------------------------------------------
INFO: [Synth 8-802] inferred FSM for state register 'gen_write.w_state_reg' in module 'sc_ultralite_v1_0_1_sasd_lite'
INFO: [Synth 8-802] inferred FSM for state register 'gen_read.r_state_reg' in module 'sc_ultralite_v1_0_1_sasd_lite'
---------------------------------------------------------------------------------------------------
                   State |                     New Encoding |                Previous Encoding 
---------------------------------------------------------------------------------------------------
                  R_IDLE |                              000 | 00000000000000000000000000000000
                   R_ARB |                              001 | 00000000000000000000000000000001
                R_TARGET |                              010 | 00000000000000000000000000000010
                 R_WIDTH |                              011 | 00000000000000000000000000000011
                    R_RX |                              100 | 00000000000000000000000000000100
                    R_TX |                              101 | 00000000000000000000000000000101
                R_DECERR |                              110 | 00000000000000000000000000000110
---------------------------------------------------------------------------------------------------
INFO: [Synth 8-3354] encoded FSM with state register 'gen_read.r_state_reg' using encoding 'sequential' in module 'sc_ultralite_v1_0_1_sasd_lite'
---------------------------------------------------------------------------------------------------
                   State |                     New Encoding |                Previous Encoding 
---------------------------------------------------------------------------------------------------
                  W_IDLE |                              000 | 00000000000000000000000000000000
                   W_ARB |                              001 | 00000000000000000000000000000001
                W_TARGET |                              010 | 00000000000000000000000000000010
                    W_RX |                              011 | 00000000000000000000000000000011
                    W_TX |                              100 | 00000000000000000000000000000100
                  W_NULL |                              101 | 00000000000000000000000000000101
              W_COMPLETE |                              110 | 00000000000000000000000000000111
               W_RECOVER |                              111 | 00000000000000000000000000000110
---------------------------------------------------------------------------------------------------
INFO: [Synth 8-3354] encoded FSM with state register 'gen_write.w_state_reg' using encoding 'sequential' in module 'sc_ultralite_v1_0_1_sasd_lite'
---------------------------------------------------------------------------------
Finished RTL Optimization Phase 2 : Time (s): cpu = 00:00:21 ; elapsed = 00:00:21 . Memory (MB): peak = 3256.312 ; gain = 456.016 ; free physical = 3018 ; free virtual = 18945
---------------------------------------------------------------------------------
---------------------------------------------------------------------------------
Start RTL Component Statistics 
---------------------------------------------------------------------------------
---------------------------------------------------------------------------------
Finished RTL Component Statistics 
---------------------------------------------------------------------------------
---------------------------------------------------------------------------------
Start Part Resource Summary
---------------------------------------------------------------------------------
Part Resources:
DSPs: 1248 (col length:96)
BRAMs: 288 (col length: RAMB18 96 RAMB36 48)
---------------------------------------------------------------------------------
Finished Part Resource Summary
---------------------------------------------------------------------------------
---------------------------------------------------------------------------------
Start Cross Boundary and Area Optimization
---------------------------------------------------------------------------------
---------------------------------------------------------------------------------
Finished Cross Boundary and Area Optimization : Time (s): cpu = 00:00:29 ; elapsed = 00:00:30 . Memory (MB): peak = 3256.312 ; gain = 456.016 ; free physical = 4531 ; free virtual = 20702
---------------------------------------------------------------------------------
---------------------------------------------------------------------------------
Start Applying XDC Timing Constraints
---------------------------------------------------------------------------------
---------------------------------------------------------------------------------
Finished Applying XDC Timing Constraints : Time (s): cpu = 00:00:36 ; elapsed = 00:00:37 . Memory (MB): peak = 3868.504 ; gain = 1068.207 ; free physical = 2875 ; free virtual = 19057
---------------------------------------------------------------------------------
---------------------------------------------------------------------------------
Start Timing Optimization
---------------------------------------------------------------------------------
---------------------------------------------------------------------------------
Finished Timing Optimization : Time (s): cpu = 00:00:37 ; elapsed = 00:00:38 . Memory (MB): peak = 3937.246 ; gain = 1136.949 ; free physical = 2766 ; free virtual = 18943
---------------------------------------------------------------------------------
---------------------------------------------------------------------------------
Start Technology Mapping
---------------------------------------------------------------------------------
---------------------------------------------------------------------------------
Finished Technology Mapping : Time (s): cpu = 00:00:37 ; elapsed = 00:00:38 . Memory (MB): peak = 3937.246 ; gain = 1136.949 ; free physical = 2765 ; free virtual = 18942
---------------------------------------------------------------------------------
---------------------------------------------------------------------------------
Start IO Insertion
---------------------------------------------------------------------------------
---------------------------------------------------------------------------------
Start Flattening Before IO Insertion
---------------------------------------------------------------------------------
---------------------------------------------------------------------------------
Finished Flattening Before IO Insertion
---------------------------------------------------------------------------------
---------------------------------------------------------------------------------
Start Final Netlist Cleanup
---------------------------------------------------------------------------------
---------------------------------------------------------------------------------
Finished Final Netlist Cleanup
---------------------------------------------------------------------------------
---------------------------------------------------------------------------------
Finished IO Insertion : Time (s): cpu = 00:00:41 ; elapsed = 00:00:41 . Memory (MB): peak = 4075.059 ; gain = 1274.762 ; free physical = 2571 ; free virtual = 18738
---------------------------------------------------------------------------------
---------------------------------------------------------------------------------
Start Renaming Generated Instances
---------------------------------------------------------------------------------
---------------------------------------------------------------------------------
Finished Renaming Generated Instances : Time (s): cpu = 00:00:41 ; elapsed = 00:00:41 . Memory (MB): peak = 4075.059 ; gain = 1274.762 ; free physical = 2571 ; free virtual = 18738
---------------------------------------------------------------------------------
---------------------------------------------------------------------------------
Start Rebuilding User Hierarchy
---------------------------------------------------------------------------------
---------------------------------------------------------------------------------
Finished Rebuilding User Hierarchy : Time (s): cpu = 00:00:41 ; elapsed = 00:00:42 . Memory (MB): peak = 4075.059 ; gain = 1274.762 ; free physical = 2571 ; free virtual = 18738
---------------------------------------------------------------------------------
---------------------------------------------------------------------------------
Start Renaming Generated Ports
---------------------------------------------------------------------------------
---------------------------------------------------------------------------------
Finished Renaming Generated Ports : Time (s): cpu = 00:00:41 ; elapsed = 00:00:42 . Memory (MB): peak = 4075.059 ; gain = 1274.762 ; free physical = 2571 ; free virtual = 18738
---------------------------------------------------------------------------------
---------------------------------------------------------------------------------
Start Handling Custom Attributes
---------------------------------------------------------------------------------
---------------------------------------------------------------------------------
Finished Handling Custom Attributes : Time (s): cpu = 00:00:41 ; elapsed = 00:00:42 . Memory (MB): peak = 4075.059 ; gain = 1274.762 ; free physical = 2571 ; free virtual = 18738
---------------------------------------------------------------------------------
---------------------------------------------------------------------------------
Start Renaming Generated Nets
---------------------------------------------------------------------------------
---------------------------------------------------------------------------------
Finished Renaming Generated Nets : Time (s): cpu = 00:00:41 ; elapsed = 00:00:42 . Memory (MB): peak = 4075.059 ; gain = 1274.762 ; free physical = 2571 ; free virtual = 18738
---------------------------------------------------------------------------------
---------------------------------------------------------------------------------
Start Writing Synthesis Report
---------------------------------------------------------------------------------

Report BlackBoxes: 
+-+--------------+----------+
| |BlackBox name |Instances |
+-+--------------+----------+
+-+--------------+----------+

Report Cell Usage: 
+------+-------+------+
|      |Cell   |Count |
+------+-------+------+
|1     |CARRY8 |    10|
|2     |LUT1   |     5|
|3     |LUT2   |    57|
|4     |LUT3   |    44|
|5     |LUT4   |   145|
|6     |LUT5   |   109|
|7     |LUT6   |   232|
|8     |MUXF7  |     2|
|9     |FDRE   |   540|
+------+-------+------+
---------------------------------------------------------------------------------
Finished Writing Synthesis Report : Time (s): cpu = 00:00:41 ; elapsed = 00:00:42 . Memory (MB): peak = 4075.059 ; gain = 1274.762 ; free physical = 2571 ; free virtual = 18738
---------------------------------------------------------------------------------
Synthesis finished with 0 errors, 0 critical warnings and 0 warnings.
Synthesis Optimization Runtime : Time (s): cpu = 00:00:33 ; elapsed = 00:00:34 . Memory (MB): peak = 4075.059 ; gain = 1168.348 ; free physical = 2555 ; free virtual = 18722
Synthesis Optimization Complete : Time (s): cpu = 00:00:41 ; elapsed = 00:00:42 . Memory (MB): peak = 4075.059 ; gain = 1274.762 ; free physical = 2555 ; free virtual = 18722
INFO: [Project 1-571] Translating synthesized netlist
Netlist sorting complete. Time (s): cpu = 00:00:00.01 ; elapsed = 00:00:00.01 . Memory (MB): peak = 4075.059 ; gain = 0.000 ; free physical = 2679 ; free virtual = 18846
INFO: [Netlist 29-17] Analyzing 12 Unisim elements for replacement
INFO: [Netlist 29-28] Unisim Transformation completed in 0 CPU seconds
INFO: [Project 1-570] Preparing netlist for logic optimization
INFO: [Opt 31-138] Pushed 0 inverter(s) to 0 load pin(s).
Netlist sorting complete. Time (s): cpu = 00:00:00 ; elapsed = 00:00:00 . Memory (MB): peak = 4075.059 ; gain = 0.000 ; free physical = 2546 ; free virtual = 18718
INFO: [Project 1-111] Unisim Transformation Summary:
No Unisim elements were transformed.

Synth Design complete | Checksum: b3694ed6
INFO: [Common 17-83] Releasing license: Vivado_Synthesis
132 Infos, 5 Warnings, 0 Critical Warnings and 0 Errors encountered.
synth_design completed successfully
synth_design: Time (s): cpu = 00:00:50 ; elapsed = 00:00:48 . Memory (MB): peak = 4075.059 ; gain = 2312.824 ; free physical = 2545 ; free virtual = 18717
INFO: [Common 17-2834] synth_design peak Physical Memory [PSS] (MB): overall = 3048.682; main = 2895.357; forked = 231.473
INFO: [Common 17-2834] synth_design peak Virtual Memory [VSS] (MB): overall = 5016.203; main = 4049.102; forked = 1034.953
Write ShapeDB Complete: Time (s): cpu = 00:00:00 ; elapsed = 00:00:00.01 . Memory (MB): peak = 4075.059 ; gain = 0.000 ; free physical = 2545 ; free virtual = 18717
INFO: [Common 17-1381] The checkpoint '/home/wiktork/Code/atmos_ws/vivado/kr260/kr260.runs/kria_bd_smartconnect_0_0_synth_1/kria_bd_smartconnect_0_0.dcp' has been generated.
INFO: [Ipptcl 7-1612] Added synthesis output to IP cache for IP kria_bd_smartconnect_0_0, cache-ID = bd04b11cbab1c0df
INFO: [Coretcl 2-1174] Renamed 21 cell refs.
Write ShapeDB Complete: Time (s): cpu = 00:00:00 ; elapsed = 00:00:00 . Memory (MB): peak = 4075.059 ; gain = 0.000 ; free physical = 2489 ; free virtual = 18702
INFO: [Common 17-1381] The checkpoint '/home/wiktork/Code/atmos_ws/vivado/kr260/kr260.runs/kria_bd_smartconnect_0_0_synth_1/kria_bd_smartconnect_0_0.dcp' has been generated.
INFO: [Vivado 12-24828] Executing command : report_utilization -file kria_bd_smartconnect_0_0_utilization_synth.rpt -pb kria_bd_smartconnect_0_0_utilization_synth.pb
INFO: [Common 17-206] Exiting Vivado at Sat Sep 12 00:00:39 2026...
