
*** Running vivado
    with args -log kria_bd_clk_wiz_0_0.vds -m64 -product Vivado -mode batch -messageDb vivado.pb -notrace -source kria_bd_clk_wiz_0_0.tcl


****** Vivado v2024.1 (64-bit)
  **** SW Build 5076996 on Wed May 22 18:36:09 MDT 2024
  **** IP Build 5075265 on Wed May 22 21:45:21 MDT 2024
  **** SharedData Build 5076995 on Wed May 22 18:29:18 MDT 2024
  **** Start of session at: Sat Sep 19 13:24:42 2026
    ** Copyright 1986-2022 Xilinx, Inc. All Rights Reserved.
    ** Copyright 2022-2024 Advanced Micro Devices, Inc. All Rights Reserved.

source kria_bd_clk_wiz_0_0.tcl -notrace
create_project: Time (s): cpu = 00:00:09 ; elapsed = 00:00:09 . Memory (MB): peak = 1872.836 ; gain = 66.023 ; free physical = 3556 ; free virtual = 9413
INFO: [IP_Flow 19-6924] IPCACHE: Running cache check for IP inst: kria_bd_clk_wiz_0_0
Command: synth_design -top kria_bd_clk_wiz_0_0 -part xck26-sfvc784-2LV-c -incremental_mode off -mode out_of_context
Starting synth_design
Attempting to get a license for feature 'Synthesis' and/or device 'xck26'
INFO: [Common 17-349] Got license for feature 'Synthesis' and/or device 'xck26'
INFO: [Device 21-403] Loading part xck26-sfvc784-2LV-c
INFO: [Synth 8-7079] Multithreading enabled for synth_design using a maximum of 4 processes.
INFO: [Synth 8-7078] Launching helper process for spawning children vivado processes
INFO: [Synth 8-7075] Helper process launched with PID 3543
---------------------------------------------------------------------------------
Starting RTL Elaboration : Time (s): cpu = 00:00:04 ; elapsed = 00:00:05 . Memory (MB): peak = 3160.641 ; gain = 307.836 ; free physical = 2136 ; free virtual = 7738
---------------------------------------------------------------------------------
INFO: [Synth 8-6157] synthesizing module 'kria_bd_clk_wiz_0_0' [/home/user/workspace/vivado/kr260/kr260.gen/sources_1/bd/kria_bd/ip/kria_bd_clk_wiz_0_0/kria_bd_clk_wiz_0_0.v:66]
INFO: [Synth 8-6157] synthesizing module 'kria_bd_clk_wiz_0_0_clk_wiz' [/home/user/workspace/vivado/kr260/kr260.gen/sources_1/bd/kria_bd/ip/kria_bd_clk_wiz_0_0/kria_bd_clk_wiz_0_0_clk_wiz.v:66]
INFO: [Synth 8-6157] synthesizing module 'IBUF' [/home/user/Xilinx/Vivado/2024.1/scripts/rt/data/unisim_comp.v:73643]
INFO: [Synth 8-6155] done synthesizing module 'IBUF' (0#1) [/home/user/Xilinx/Vivado/2024.1/scripts/rt/data/unisim_comp.v:73643]
INFO: [Synth 8-6157] synthesizing module 'MMCME4_ADV' [/home/user/Xilinx/Vivado/2024.1/scripts/rt/data/unisim_comp.v:82781]
	Parameter BANDWIDTH bound to: OPTIMIZED - type: string 
	Parameter CLKFBOUT_MULT_F bound to: 12.000000 - type: double 
	Parameter CLKFBOUT_PHASE bound to: 0.000000 - type: double 
	Parameter CLKFBOUT_USE_FINE_PS bound to: FALSE - type: string 
	Parameter CLKIN1_PERIOD bound to: 10.000000 - type: double 
	Parameter CLKOUT0_DIVIDE_F bound to: 6.000000 - type: double 
	Parameter CLKOUT0_DUTY_CYCLE bound to: 0.500000 - type: double 
	Parameter CLKOUT0_PHASE bound to: 0.000000 - type: double 
	Parameter CLKOUT0_USE_FINE_PS bound to: FALSE - type: string 
	Parameter CLKOUT1_DIVIDE bound to: 12 - type: integer 
	Parameter CLKOUT1_DUTY_CYCLE bound to: 0.500000 - type: double 
	Parameter CLKOUT1_PHASE bound to: 0.000000 - type: double 
	Parameter CLKOUT1_USE_FINE_PS bound to: FALSE - type: string 
	Parameter CLKOUT4_CASCADE bound to: FALSE - type: string 
	Parameter COMPENSATION bound to: AUTO - type: string 
	Parameter DIVCLK_DIVIDE bound to: 1 - type: integer 
	Parameter STARTUP_WAIT bound to: FALSE - type: string 
INFO: [Synth 8-6155] done synthesizing module 'MMCME4_ADV' (0#1) [/home/user/Xilinx/Vivado/2024.1/scripts/rt/data/unisim_comp.v:82781]
INFO: [Synth 8-6157] synthesizing module 'BUFG' [/home/user/Xilinx/Vivado/2024.1/scripts/rt/data/unisim_comp.v:1951]
INFO: [Synth 8-6155] done synthesizing module 'BUFG' (0#1) [/home/user/Xilinx/Vivado/2024.1/scripts/rt/data/unisim_comp.v:1951]
INFO: [Synth 8-6155] done synthesizing module 'kria_bd_clk_wiz_0_0_clk_wiz' (0#1) [/home/user/workspace/vivado/kr260/kr260.gen/sources_1/bd/kria_bd/ip/kria_bd_clk_wiz_0_0/kria_bd_clk_wiz_0_0_clk_wiz.v:66]
INFO: [Synth 8-6155] done synthesizing module 'kria_bd_clk_wiz_0_0' (0#1) [/home/user/workspace/vivado/kr260/kr260.gen/sources_1/bd/kria_bd/ip/kria_bd_clk_wiz_0_0/kria_bd_clk_wiz_0_0.v:66]
---------------------------------------------------------------------------------
Finished RTL Elaboration : Time (s): cpu = 00:00:07 ; elapsed = 00:00:07 . Memory (MB): peak = 3251.191 ; gain = 398.387 ; free physical = 1812 ; free virtual = 7427
---------------------------------------------------------------------------------
---------------------------------------------------------------------------------
Start Handling Custom Attributes
---------------------------------------------------------------------------------
---------------------------------------------------------------------------------
Finished Handling Custom Attributes : Time (s): cpu = 00:00:07 ; elapsed = 00:00:07 . Memory (MB): peak = 3251.359 ; gain = 398.555 ; free physical = 1808 ; free virtual = 7424
---------------------------------------------------------------------------------
---------------------------------------------------------------------------------
Finished RTL Optimization Phase 1 : Time (s): cpu = 00:00:07 ; elapsed = 00:00:07 . Memory (MB): peak = 3251.359 ; gain = 398.555 ; free physical = 1808 ; free virtual = 7424
---------------------------------------------------------------------------------
Netlist sorting complete. Time (s): cpu = 00:00:00 ; elapsed = 00:00:00 . Memory (MB): peak = 3266.020 ; gain = 0.039 ; free physical = 2023 ; free virtual = 7646
INFO: [Netlist 29-17] Analyzing 4 Unisim elements for replacement
INFO: [Netlist 29-28] Unisim Transformation completed in 0 CPU seconds
INFO: [Project 1-570] Preparing netlist for logic optimization

Processing XDC Constraints
Initializing timing engine
Parsing XDC File [/home/user/workspace/vivado/kr260/kr260.gen/sources_1/bd/kria_bd/ip/kria_bd_clk_wiz_0_0/kria_bd_clk_wiz_0_0_ooc.xdc] for cell 'inst'
Finished Parsing XDC File [/home/user/workspace/vivado/kr260/kr260.gen/sources_1/bd/kria_bd/ip/kria_bd_clk_wiz_0_0/kria_bd_clk_wiz_0_0_ooc.xdc] for cell 'inst'
Parsing XDC File [/home/user/workspace/vivado/kr260/kr260.gen/sources_1/bd/kria_bd/ip/kria_bd_clk_wiz_0_0/kria_bd_clk_wiz_0_0_board.xdc] for cell 'inst'
Finished Parsing XDC File [/home/user/workspace/vivado/kr260/kr260.gen/sources_1/bd/kria_bd/ip/kria_bd_clk_wiz_0_0/kria_bd_clk_wiz_0_0_board.xdc] for cell 'inst'
Parsing XDC File [/home/user/workspace/vivado/kr260/kr260.gen/sources_1/bd/kria_bd/ip/kria_bd_clk_wiz_0_0/kria_bd_clk_wiz_0_0.xdc] for cell 'inst'
create_clock: Time (s): cpu = 00:00:07 ; elapsed = 00:00:07 . Memory (MB): peak = 3331.000 ; gain = 0.895 ; free physical = 1672 ; free virtual = 7503
Finished Parsing XDC File [/home/user/workspace/vivado/kr260/kr260.gen/sources_1/bd/kria_bd/ip/kria_bd_clk_wiz_0_0/kria_bd_clk_wiz_0_0.xdc] for cell 'inst'
INFO: [Project 1-236] Implementation specific constraints were found while reading constraint file [/home/user/workspace/vivado/kr260/kr260.gen/sources_1/bd/kria_bd/ip/kria_bd_clk_wiz_0_0/kria_bd_clk_wiz_0_0.xdc]. These constraints will be ignored for synthesis but will be used in implementation. Impacted constraints are listed in the file [.Xil/kria_bd_clk_wiz_0_0_propImpl.xdc].
Resolution: To avoid this warning, move constraints listed in [.Xil/kria_bd_clk_wiz_0_0_propImpl.xdc] to another XDC file and exclude this new file from synthesis with the used_in_synthesis property (File Properties dialog in GUI) and re-run elaboration/synthesis.
INFO: [Timing 38-2] Deriving generated clocks
Parsing XDC File [/home/user/workspace/vivado/kr260/kr260.runs/kria_bd_clk_wiz_0_0_synth_1/dont_touch.xdc]
Finished Parsing XDC File [/home/user/workspace/vivado/kr260/kr260.runs/kria_bd_clk_wiz_0_0_synth_1/dont_touch.xdc]
Completed Processing XDC Constraints

Netlist sorting complete. Time (s): cpu = 00:00:00 ; elapsed = 00:00:00 . Memory (MB): peak = 3331.805 ; gain = 0.000 ; free physical = 1668 ; free virtual = 7499
INFO: [Project 1-111] Unisim Transformation Summary:
  A total of 3 instances were transformed.
  BUFG => BUFGCE: 2 instances
  IBUF => IBUF (IBUFCTRL, INBUF): 1 instance 

Constraint Validation Runtime : Time (s): cpu = 00:00:00.03 ; elapsed = 00:00:00.03 . Memory (MB): peak = 3332.047 ; gain = 0.172 ; free physical = 1663 ; free virtual = 7495
INFO: [Designutils 20-5008] Incremental synthesis strategy off
---------------------------------------------------------------------------------
Finished Constraint Validation : Time (s): cpu = 00:00:20 ; elapsed = 00:00:21 . Memory (MB): peak = 3333.246 ; gain = 480.441 ; free physical = 1660 ; free virtual = 7492
---------------------------------------------------------------------------------
---------------------------------------------------------------------------------
Start Loading Part and Timing Information
---------------------------------------------------------------------------------
Loading part: xck26-sfvc784-2LV-c
INFO: [Synth 8-6742] Reading net delay rules and data
---------------------------------------------------------------------------------
Finished Loading Part and Timing Information : Time (s): cpu = 00:00:20 ; elapsed = 00:00:21 . Memory (MB): peak = 3341.406 ; gain = 488.602 ; free physical = 1660 ; free virtual = 7492
---------------------------------------------------------------------------------
---------------------------------------------------------------------------------
Start Applying 'set_property' XDC Constraints
---------------------------------------------------------------------------------
Applied set_property KEEP_HIERARCHY = SOFT for inst. (constraint file  /home/user/workspace/vivado/kr260/kr260.runs/kria_bd_clk_wiz_0_0_synth_1/dont_touch.xdc, line 9).
---------------------------------------------------------------------------------
Finished applying 'set_property' XDC Constraints : Time (s): cpu = 00:00:20 ; elapsed = 00:00:21 . Memory (MB): peak = 3341.465 ; gain = 488.660 ; free physical = 1660 ; free virtual = 7492
---------------------------------------------------------------------------------
---------------------------------------------------------------------------------
Finished RTL Optimization Phase 2 : Time (s): cpu = 00:00:20 ; elapsed = 00:00:21 . Memory (MB): peak = 3341.855 ; gain = 489.051 ; free physical = 1656 ; free virtual = 7488
---------------------------------------------------------------------------------
---------------------------------------------------------------------------------
Start RTL Component Statistics 
---------------------------------------------------------------------------------
Detailed RTL Component Info : 
---------------------------------------------------------------------------------
Finished RTL Component Statistics 
---------------------------------------------------------------------------------
---------------------------------------------------------------------------------
Start Part Resource Summary
---------------------------------------------------------------------------------
Part Resources:
DSPs: 1248 (col length:96)
BRAMs: 288 (col length: RAMB18 96 RAMB36 48)
---------------------------------------------------------------------------------
Finished Part Resource Summary
---------------------------------------------------------------------------------
---------------------------------------------------------------------------------
Start Cross Boundary and Area Optimization
---------------------------------------------------------------------------------
WARNING: [Synth 8-7080] Parallel synthesis criteria is not met
---------------------------------------------------------------------------------
Finished Cross Boundary and Area Optimization : Time (s): cpu = 00:00:21 ; elapsed = 00:00:22 . Memory (MB): peak = 3342.535 ; gain = 489.730 ; free physical = 1657 ; free virtual = 7490
---------------------------------------------------------------------------------
---------------------------------------------------------------------------------
Start Applying XDC Timing Constraints
---------------------------------------------------------------------------------
---------------------------------------------------------------------------------
Finished Applying XDC Timing Constraints : Time (s): cpu = 00:00:31 ; elapsed = 00:00:32 . Memory (MB): peak = 3828.820 ; gain = 976.016 ; free physical = 1186 ; free virtual = 7043
---------------------------------------------------------------------------------
---------------------------------------------------------------------------------
Start Timing Optimization
---------------------------------------------------------------------------------
---------------------------------------------------------------------------------
Finished Timing Optimization : Time (s): cpu = 00:00:31 ; elapsed = 00:00:32 . Memory (MB): peak = 3828.992 ; gain = 976.188 ; free physical = 1186 ; free virtual = 7043
---------------------------------------------------------------------------------
---------------------------------------------------------------------------------
Start Technology Mapping
---------------------------------------------------------------------------------
---------------------------------------------------------------------------------
Finished Technology Mapping : Time (s): cpu = 00:00:31 ; elapsed = 00:00:32 . Memory (MB): peak = 3839.160 ; gain = 986.355 ; free physical = 1176 ; free virtual = 7033
---------------------------------------------------------------------------------
---------------------------------------------------------------------------------
Start IO Insertion
---------------------------------------------------------------------------------
---------------------------------------------------------------------------------
Start Flattening Before IO Insertion
---------------------------------------------------------------------------------
---------------------------------------------------------------------------------
Finished Flattening Before IO Insertion
---------------------------------------------------------------------------------
---------------------------------------------------------------------------------
Start Final Netlist Cleanup
---------------------------------------------------------------------------------
---------------------------------------------------------------------------------
Finished Final Netlist Cleanup
---------------------------------------------------------------------------------
---------------------------------------------------------------------------------
Finished IO Insertion : Time (s): cpu = 00:00:34 ; elapsed = 00:00:36 . Memory (MB): peak = 3853.133 ; gain = 1000.328 ; free physical = 1168 ; free virtual = 7025
---------------------------------------------------------------------------------
---------------------------------------------------------------------------------
Start Renaming Generated Instances
---------------------------------------------------------------------------------
---------------------------------------------------------------------------------
Finished Renaming Generated Instances : Time (s): cpu = 00:00:34 ; elapsed = 00:00:36 . Memory (MB): peak = 3853.148 ; gain = 1000.344 ; free physical = 1168 ; free virtual = 7025
---------------------------------------------------------------------------------
---------------------------------------------------------------------------------
Start Rebuilding User Hierarchy
---------------------------------------------------------------------------------
---------------------------------------------------------------------------------
Finished Rebuilding User Hierarchy : Time (s): cpu = 00:00:34 ; elapsed = 00:00:36 . Memory (MB): peak = 3853.180 ; gain = 1000.375 ; free physical = 1168 ; free virtual = 7025
---------------------------------------------------------------------------------
---------------------------------------------------------------------------------
Start Renaming Generated Ports
---------------------------------------------------------------------------------
---------------------------------------------------------------------------------
Finished Renaming Generated Ports : Time (s): cpu = 00:00:34 ; elapsed = 00:00:36 . Memory (MB): peak = 3853.184 ; gain = 1000.379 ; free physical = 1168 ; free virtual = 7025
---------------------------------------------------------------------------------
---------------------------------------------------------------------------------
Start Handling Custom Attributes
---------------------------------------------------------------------------------
---------------------------------------------------------------------------------
Finished Handling Custom Attributes : Time (s): cpu = 00:00:34 ; elapsed = 00:00:36 . Memory (MB): peak = 3853.188 ; gain = 1000.383 ; free physical = 1168 ; free virtual = 7025
---------------------------------------------------------------------------------
---------------------------------------------------------------------------------
Start Renaming Generated Nets
---------------------------------------------------------------------------------
---------------------------------------------------------------------------------
Finished Renaming Generated Nets : Time (s): cpu = 00:00:34 ; elapsed = 00:00:36 . Memory (MB): peak = 3853.191 ; gain = 1000.387 ; free physical = 1168 ; free virtual = 7025
---------------------------------------------------------------------------------
---------------------------------------------------------------------------------
Start Writing Synthesis Report
---------------------------------------------------------------------------------

Report BlackBoxes: 
+-+--------------+----------+
| |BlackBox name |Instances |
+-+--------------+----------+
+-+--------------+----------+

Report Cell Usage: 
+------+-----------+------+
|      |Cell       |Count |
+------+-----------+------+
|1     |BUFG       |     2|
|2     |LUT1       |     1|
|3     |MMCME4_ADV |     1|
|4     |IBUF       |     1|
+------+-----------+------+
---------------------------------------------------------------------------------
Finished Writing Synthesis Report : Time (s): cpu = 00:00:34 ; elapsed = 00:00:36 . Memory (MB): peak = 3853.219 ; gain = 1000.414 ; free physical = 1168 ; free virtual = 7025
---------------------------------------------------------------------------------
Synthesis finished with 0 errors, 0 critical warnings and 1 warnings.
Synthesis Optimization Runtime : Time (s): cpu = 00:00:26 ; elapsed = 00:00:27 . Memory (MB): peak = 3854.465 ; gain = 920.551 ; free physical = 1156 ; free virtual = 7014
Synthesis Optimization Complete : Time (s): cpu = 00:00:35 ; elapsed = 00:00:36 . Memory (MB): peak = 3854.465 ; gain = 1001.660 ; free physical = 1156 ; free virtual = 7014
INFO: [Project 1-571] Translating synthesized netlist
Netlist sorting complete. Time (s): cpu = 00:00:00 ; elapsed = 00:00:00 . Memory (MB): peak = 3854.465 ; gain = 0.000 ; free physical = 1157 ; free virtual = 7016
INFO: [Netlist 29-17] Analyzing 4 Unisim elements for replacement
INFO: [Netlist 29-28] Unisim Transformation completed in 0 CPU seconds
INFO: [Project 1-570] Preparing netlist for logic optimization
INFO: [Opt 31-138] Pushed 0 inverter(s) to 0 load pin(s).
INFO: [Opt 31-326] The CLKFBOUT to CLKFBIN net for instance inst/mmcme4_adv_inst with COMPENSATION=INTERNAL is optimized away to aid design routability
Netlist sorting complete. Time (s): cpu = 00:00:00 ; elapsed = 00:00:00 . Memory (MB): peak = 3854.465 ; gain = 0.000 ; free physical = 1623 ; free virtual = 7487
INFO: [Project 1-111] Unisim Transformation Summary:
  A total of 3 instances were transformed.
  BUFG => BUFGCE: 2 instances
  IBUF => IBUF (IBUFCTRL, INBUF): 1 instance 

Synth Design complete | Checksum: 455c365
INFO: [Common 17-83] Releasing license: Synthesis
32 Infos, 1 Warnings, 0 Critical Warnings and 0 Errors encountered.
synth_design completed successfully
synth_design: Time (s): cpu = 00:00:50 ; elapsed = 00:00:44 . Memory (MB): peak = 3854.465 ; gain = 1926.969 ; free physical = 1623 ; free virtual = 7487
INFO: [Common 17-2834] synth_design peak Physical Memory [PSS] (MB): overall = 3242.150; main = 2751.373; forked = 663.473
INFO: [Common 17-2834] synth_design peak Virtual Memory [VSS] (MB): overall = 5779.398; main = 3782.777; forked = 2070.152
Write ShapeDB Complete: Time (s): cpu = 00:00:00.03 ; elapsed = 00:00:00.04 . Memory (MB): peak = 3854.465 ; gain = 0.000 ; free physical = 1619 ; free virtual = 7482
INFO: [Common 17-1381] The checkpoint '/home/user/workspace/vivado/kr260/kr260.runs/kria_bd_clk_wiz_0_0_synth_1/kria_bd_clk_wiz_0_0.dcp' has been generated.
INFO: [Coretcl 2-1648] Added synthesis output to IP cache for IP kria_bd_clk_wiz_0_0, cache-ID = 615a02dabf82176b
Write ShapeDB Complete: Time (s): cpu = 00:00:00.01 ; elapsed = 00:00:00 . Memory (MB): peak = 3866.531 ; gain = 0.000 ; free physical = 1535 ; free virtual = 7400
INFO: [Common 17-1381] The checkpoint '/home/user/workspace/vivado/kr260/kr260.runs/kria_bd_clk_wiz_0_0_synth_1/kria_bd_clk_wiz_0_0.dcp' has been generated.
INFO: [Vivado 12-24828] Executing command : report_utilization -file kria_bd_clk_wiz_0_0_utilization_synth.rpt -pb kria_bd_clk_wiz_0_0_utilization_synth.pb
INFO: [Common 17-206] Exiting Vivado at Sat Sep 19 13:25:45 2026...
