
*** Running vivado
    with args -log kria_bd_axi_dma_0_1.vds -m64 -product Vivado -mode batch -messageDb vivado.pb -notrace -source kria_bd_axi_dma_0_1.tcl


****** Vivado v2024.1 (64-bit)
  **** SW Build 5076996 on Wed May 22 18:36:09 MDT 2024
  **** IP Build 5075265 on Wed May 22 21:45:21 MDT 2024
  **** SharedData Build 5076995 on Wed May 22 18:29:18 MDT 2024
  **** Start of session at: Sat Sep 19 13:21:58 2026
    ** Copyright 1986-2022 Xilinx, Inc. All Rights Reserved.
    ** Copyright 2022-2024 Advanced Micro Devices, Inc. All Rights Reserved.

source kria_bd_axi_dma_0_1.tcl -notrace
create_project: Time (s): cpu = 00:00:09 ; elapsed = 00:00:09 . Memory (MB): peak = 1872.844 ; gain = 66.004 ; free physical = 3513 ; free virtual = 9328
INFO: [IP_Flow 19-6924] IPCACHE: Running cache check for IP inst: kria_bd_axi_dma_0_1
INFO: [IP_Flow 19-6922] IPCACHE: Exporting cached entry ed788a60bf87bdae to dir: /home/user/workspace/vivado/kr260/kr260.runs/kria_bd_axi_dma_0_1_synth_1
INFO: [IP_Flow 19-6928] IPCACHE: copied cached file /home/user/workspace/vivado/kr260/kr260.cache/ip/2024.1/e/d/ed788a60bf87bdae/kria_bd_axi_dma_0_0_sim_netlist.v to /home/user/workspace/vivado/kr260/kr260.runs/kria_bd_axi_dma_0_1_synth_1/kria_bd_axi_dma_0_1_sim_netlist.v.
INFO: [IP_Flow 19-6928] IPCACHE: copied cached file /home/user/workspace/vivado/kr260/kr260.cache/ip/2024.1/e/d/ed788a60bf87bdae/kria_bd_axi_dma_0_0_stub.vhdl to /home/user/workspace/vivado/kr260/kr260.runs/kria_bd_axi_dma_0_1_synth_1/kria_bd_axi_dma_0_1_stub.vhdl.
INFO: [IP_Flow 19-6928] IPCACHE: copied cached file /home/user/workspace/vivado/kr260/kr260.cache/ip/2024.1/e/d/ed788a60bf87bdae/kria_bd_axi_dma_0_0_stub.v to /home/user/workspace/vivado/kr260/kr260.runs/kria_bd_axi_dma_0_1_synth_1/kria_bd_axi_dma_0_1_stub.v.
INFO: [IP_Flow 19-6928] IPCACHE: copied cached file /home/user/workspace/vivado/kr260/kr260.cache/ip/2024.1/e/d/ed788a60bf87bdae/kria_bd_axi_dma_0_0_sim_netlist.vhdl to /home/user/workspace/vivado/kr260/kr260.runs/kria_bd_axi_dma_0_1_synth_1/kria_bd_axi_dma_0_1_sim_netlist.vhdl.
INFO: [IP_Flow 19-6928] IPCACHE: copied cached file /home/user/workspace/vivado/kr260/kr260.cache/ip/2024.1/e/d/ed788a60bf87bdae/kria_bd_axi_dma_0_0.dcp to /home/user/workspace/vivado/kr260/kr260.runs/kria_bd_axi_dma_0_1_synth_1/kria_bd_axi_dma_0_1.dcp.
INFO: [IP_Flow 19-4838] Using cached IP synthesis design for IP kria_bd_axi_dma_0_1, cache-ID = ed788a60bf87bdae.
INFO: [Common 17-206] Exiting Vivado at Sat Sep 19 13:22:15 2026...
